Archive member included to satisfy reference by file (symbol)

C:/ST/STM32CubeIDE_1.16.0/STM32CubeIDE/plugins/com.st.stm32cube.ide.mcu.externaltools.gnu-tools-for-stm32.12.3.rel1.win32_1.0.200.202406191623/tools/bin/../lib/gcc/arm-none-eabi/12.3.1/../../../../arm-none-eabi/lib/thumb/v7e-m+fp/hard\libc_nano.a(libc_a-exit.o)
                              C:/ST/STM32CubeIDE_1.16.0/STM32CubeIDE/plugins/com.st.stm32cube.ide.mcu.externaltools.gnu-tools-for-stm32.12.3.rel1.win32_1.0.200.202406191623/tools/bin/../lib/gcc/arm-none-eabi/12.3.1/../../../../arm-none-eabi/lib/thumb/v7e-m+fp/hard/crt0.o (exit)
C:/ST/STM32CubeIDE_1.16.0/STM32CubeIDE/plugins/com.st.stm32cube.ide.mcu.externaltools.gnu-tools-for-stm32.12.3.rel1.win32_1.0.200.202406191623/tools/bin/../lib/gcc/arm-none-eabi/12.3.1/../../../../arm-none-eabi/lib/thumb/v7e-m+fp/hard\libc_nano.a(libc_a-findfp.o)
                              C:/ST/STM32CubeIDE_1.16.0/STM32CubeIDE/plugins/com.st.stm32cube.ide.mcu.externaltools.gnu-tools-for-stm32.12.3.rel1.win32_1.0.200.202406191623/tools/bin/../lib/gcc/arm-none-eabi/12.3.1/../../../../arm-none-eabi/lib/thumb/v7e-m+fp/hard\libc_nano.a(libc_a-exit.o) (__stdio_exit_handler)
C:/ST/STM32CubeIDE_1.16.0/STM32CubeIDE/plugins/com.st.stm32cube.ide.mcu.externaltools.gnu-tools-for-stm32.12.3.rel1.win32_1.0.200.202406191623/tools/bin/../lib/gcc/arm-none-eabi/12.3.1/../../../../arm-none-eabi/lib/thumb/v7e-m+fp/hard\libc_nano.a(libc_a-fwalk.o)
                              C:/ST/STM32CubeIDE_1.16.0/STM32CubeIDE/plugins/com.st.stm32cube.ide.mcu.externaltools.gnu-tools-for-stm32.12.3.rel1.win32_1.0.200.202406191623/tools/bin/../lib/gcc/arm-none-eabi/12.3.1/../../../../arm-none-eabi/lib/thumb/v7e-m+fp/hard\libc_nano.a(libc_a-findfp.o) (_fwalk_sglue)
C:/ST/STM32CubeIDE_1.16.0/STM32CubeIDE/plugins/com.st.stm32cube.ide.mcu.externaltools.gnu-tools-for-stm32.12.3.rel1.win32_1.0.200.202406191623/tools/bin/../lib/gcc/arm-none-eabi/12.3.1/../../../../arm-none-eabi/lib/thumb/v7e-m+fp/hard\libc_nano.a(libc_a-puts.o)
                              ./Core/Src/main.o (puts)
C:/ST/STM32CubeIDE_1.16.0/STM32CubeIDE/plugins/com.st.stm32cube.ide.mcu.externaltools.gnu-tools-for-stm32.12.3.rel1.win32_1.0.200.202406191623/tools/bin/../lib/gcc/arm-none-eabi/12.3.1/../../../../arm-none-eabi/lib/thumb/v7e-m+fp/hard\libc_nano.a(libc_a-stdio.o)
                              C:/ST/STM32CubeIDE_1.16.0/STM32CubeIDE/plugins/com.st.stm32cube.ide.mcu.externaltools.gnu-tools-for-stm32.12.3.rel1.win32_1.0.200.202406191623/tools/bin/../lib/gcc/arm-none-eabi/12.3.1/../../../../arm-none-eabi/lib/thumb/v7e-m+fp/hard\libc_nano.a(libc_a-findfp.o) (__sread)
C:/ST/STM32CubeIDE_1.16.0/STM32CubeIDE/plugins/com.st.stm32cube.ide.mcu.externaltools.gnu-tools-for-stm32.12.3.rel1.win32_1.0.200.202406191623/tools/bin/../lib/gcc/arm-none-eabi/12.3.1/../../../../arm-none-eabi/lib/thumb/v7e-m+fp/hard\libc_nano.a(libc_a-wbuf.o)
                              C:/ST/STM32CubeIDE_1.16.0/STM32CubeIDE/plugins/com.st.stm32cube.ide.mcu.externaltools.gnu-tools-for-stm32.12.3.rel1.win32_1.0.200.202406191623/tools/bin/../lib/gcc/arm-none-eabi/12.3.1/../../../../arm-none-eabi/lib/thumb/v7e-m+fp/hard\libc_nano.a(libc_a-puts.o) (__swbuf_r)
C:/ST/STM32CubeIDE_1.16.0/STM32CubeIDE/plugins/com.st.stm32cube.ide.mcu.externaltools.gnu-tools-for-stm32.12.3.rel1.win32_1.0.200.202406191623/tools/bin/../lib/gcc/arm-none-eabi/12.3.1/../../../../arm-none-eabi/lib/thumb/v7e-m+fp/hard\libc_nano.a(libc_a-wsetup.o)
                              C:/ST/STM32CubeIDE_1.16.0/STM32CubeIDE/plugins/com.st.stm32cube.ide.mcu.externaltools.gnu-tools-for-stm32.12.3.rel1.win32_1.0.200.202406191623/tools/bin/../lib/gcc/arm-none-eabi/12.3.1/../../../../arm-none-eabi/lib/thumb/v7e-m+fp/hard\libc_nano.a(libc_a-puts.o) (__swsetup_r)
C:/ST/STM32CubeIDE_1.16.0/STM32CubeIDE/plugins/com.st.stm32cube.ide.mcu.externaltools.gnu-tools-for-stm32.12.3.rel1.win32_1.0.200.202406191623/tools/bin/../lib/gcc/arm-none-eabi/12.3.1/../../../../arm-none-eabi/lib/thumb/v7e-m+fp/hard\libc_nano.a(libc_a-memcmp.o)
                              ./thirdparty/FreeRTOS/tasks.o (memcmp)
C:/ST/STM32CubeIDE_1.16.0/STM32CubeIDE/plugins/com.st.stm32cube.ide.mcu.externaltools.gnu-tools-for-stm32.12.3.rel1.win32_1.0.200.202406191623/tools/bin/../lib/gcc/arm-none-eabi/12.3.1/../../../../arm-none-eabi/lib/thumb/v7e-m+fp/hard\libc_nano.a(libc_a-memset.o)
                              C:/ST/STM32CubeIDE_1.16.0/STM32CubeIDE/plugins/com.st.stm32cube.ide.mcu.externaltools.gnu-tools-for-stm32.12.3.rel1.win32_1.0.200.202406191623/tools/bin/../lib/gcc/arm-none-eabi/12.3.1/../../../../arm-none-eabi/lib/thumb/v7e-m+fp/hard/crt0.o (memset)
C:/ST/STM32CubeIDE_1.16.0/STM32CubeIDE/plugins/com.st.stm32cube.ide.mcu.externaltools.gnu-tools-for-stm32.12.3.rel1.win32_1.0.200.202406191623/tools/bin/../lib/gcc/arm-none-eabi/12.3.1/../../../../arm-none-eabi/lib/thumb/v7e-m+fp/hard\libc_nano.a(libc_a-closer.o)
[...]
Memory Configuration

Name             Origin             Length             Attributes
RAM              0x20000000         0x00020000         xrw
FLASH            0x08000000         0x00080000         xr
*default*        0x00000000         0xffffffff

Linker script and memory map

LOAD C:/ST/STM32CubeIDE_1.16.0/STM32CubeIDE/plugins/com.st.stm32cube.ide.mcu.externaltools.gnu-tools-for-stm32.12.3.rel1.win32_1.0.200.202406191623/tools/bin/../lib/gcc/arm-none-eabi/12.3.1/thumb/v7e-m+fp/hard/crti.o
LOAD C:/ST/STM32CubeIDE_1.16.0/STM32CubeIDE/plugins/com.st.stm32cube.ide.mcu.externaltools.gnu-tools-for-stm32.12.3.rel1.win32_1.0.200.202406191623/tools/bin/../lib/gcc/arm-none-eabi/12.3.1/thumb/v7e-m+fp/hard/crtbegin.o
LOAD C:/ST/STM32CubeIDE_1.16.0/STM32CubeIDE/plugins/com.st.stm32cube.ide.mcu.externaltools.gnu-tools-for-stm32.12.3.rel1.win32_1.0.200.202406191623/tools/bin/../lib/gcc/arm-none-eabi/12.3.1/../../../../arm-none-eabi/lib/thumb/v7e-m+fp/hard/crt0.o
LOAD ./Core/Src/main.o
LOAD ./Core/Src/stm32f4xx_hal_msp.o
LOAD ./Core/Src/stm32f4xx_hal_timebase_tim.o
LOAD ./Core/Src/stm32f4xx_it.o
LOAD ./Core/Src/syscalls.o
LOAD ./Core/Src/system_stm32f4xx.o
LOAD ./Core/Startup/startup_stm32f446retx.o
LOAD ./Drivers/STM32F4xx_HAL_Driver/Src/stm32f4xx_hal.o
LOAD ./Drivers/STM32F4xx_HAL_Driver/Src/stm32f4xx_hal_cortex.o
LOAD ./Drivers/STM32F4xx_HAL_Driver/Src/stm32f4xx_hal_dma.o
LOAD ./Drivers/STM32F4xx_HAL_Driver/Src/stm32f4xx_hal_dma_ex.o
LOAD ./Drivers/STM32F4xx_HAL_Driver/Src/stm32f4xx_hal_exti.o
LOAD ./Drivers/STM32F4xx_HAL_Driver/Src/stm32f4xx_hal_flash.o
LOAD ./Drivers/STM32F4xx_HAL_Driver/Src/stm32f4xx_hal_flash_ex.o
LOAD ./Drivers/STM32F4xx_HAL_Driver/Src/stm32f4xx_hal_flash_ramfunc.o
LOAD ./Drivers/STM32F4xx_HAL_Driver/Src/stm32f4xx_hal_gpio.o
LOAD ./Drivers/STM32F4xx_HAL_Driver/Src/stm32f4xx_hal_pwr.o
LOAD ./Drivers/STM32F4xx_HAL_Driver/Src/stm32f4xx_hal_pwr_ex.o
LOAD ./Drivers/STM32F4xx_HAL_Driver/Src/stm32f4xx_hal_rcc.o
LOAD ./Drivers/STM32F4xx_HAL_Driver/Src/stm32f4xx_hal_rcc_ex.o
LOAD ./Drivers/STM32F4xx_HAL_Driver/Src/stm32f4xx_hal_tim.o
LOAD ./Drivers/STM32F4xx_HAL_Driver/Src/stm32f4xx_hal_tim_ex.o
LOAD ./thirdparty/FreeRTOS/croutine.o
LOAD ./thirdparty/FreeRTOS/event_groups.o
LOAD ./thirdparty/FreeRTOS/list.o
LOAD ./thirdparty/FreeRTOS/queue.o
LOAD ./thirdparty/FreeRTOS/stream_buffer.o
LOAD ./thirdparty/FreeRTOS/tasks.o
LOAD ./thirdparty/FreeRTOS/timers.o
LOAD ./thirdparty/FreeRTOS/portable/GCC/ARM_CM4F/port.o
LOAD ./thirdparty/FreeRTOS/portable/MemMang/heap_4.o
LOAD ./thirdparty/SEGGER/Config/SEGGER_SYSVIEW_Config_FreeRTOS.o
LOAD ./thirdparty/SEGGER/OS/SEGGER_SYSVIEW_FreeRTOS.o
LOAD ./thirdparty/SEGGER/SEGGER/SEGGER_RTT.o
LOAD ./thirdparty/SEGGER/SEGGER/SEGGER_RTT_ASM_ARMv7M.o
LOAD ./thirdparty/SEGGER/SEGGER/SEGGER_RTT_printf.o
LOAD ./thirdparty/SEGGER/SEGGER/SEGGER_SYSVIEW.o
LOAD ./thirdparty/SEGGER/SEGGER/Syscalls/SEGGER_RTT_Syscalls_GCC.o
START GROUP
LOAD C:/ST/STM32CubeIDE_1.16.0/STM32CubeIDE/plugins/com.st.stm32cube.ide.mcu.externaltools.gnu-tools-for-stm32.12.3.rel1.win32_1.0.200.202406191623/tools/bin/../lib/gcc/arm-none-eabi/12.3.1/../../../../arm-none-eabi/lib/thumb/v7e-m+fp/hard\libc_nano.a
LOAD C:/ST/STM32CubeIDE_1.16.0/STM32CubeIDE/plugins/com.st.stm32cube.ide.mcu.externaltools.gnu-tools-for-stm32.12.3.rel1.win32_1.0.200.202406191623/tools/bin/../lib/gcc/arm-none-eabi/12.3.1/../../../../arm-none-eabi/lib/thumb/v7e-m+fp/hard\libm.a
END GROUP
START GROUP
LOAD C:/ST/STM32CubeIDE_1.16.0/STM32CubeIDE/plugins/com.st.stm32cube.ide.mcu.externaltools.gnu-tools-for-stm32.12.3.rel1.win32_1.0.200.202406191623/tools/bin/../lib/gcc/arm-none-eabi/12.3.1/thumb/v7e-m+fp/hard\libgcc.a
LOAD C:/ST/STM32CubeIDE_1.16.0/STM32CubeIDE/plugins/com.st.stm32cube.ide.mcu.externaltools.gnu-tools-for-stm32.12.3.rel1.win32_1.0.200.202406191623/tools/bin/../lib/gcc/arm-none-eabi/12.3.1/../../../../arm-none-eabi/lib/thumb/v7e-m+fp/hard\libc_nano.a
END GROUP
START GROUP
LOAD C:/ST/STM32CubeIDE_1.16.0/STM32CubeIDE/plugins/com.st.stm32cube.ide.mcu.externaltools.gnu-tools-for-stm32.12.3.rel1.win32_1.0.200.202406191623/tools/bin/../lib/gcc/arm-none-eabi/12.3.1/thumb/v7e-m+fp/hard\libgcc.a
LOAD C:/ST/STM32CubeIDE_1.16.0/STM32CubeIDE/plugins/com.st.stm32cube.ide.mcu.externaltools.gnu-tools-for-stm32.12.3.rel1.win32_1.0.200.202406191623/tools/bin/../lib/gcc/arm-none-eabi/12.3.1/../../../../arm-none-eabi/lib/thumb/v7e-m+fp/hard\libc_nano.a
LOAD C:/ST/STM32CubeIDE_1.16.0/STM32CubeIDE/plugins/com.st.stm32cube.ide.mcu.externaltools.gnu-tools-for-stm32.12.3.rel1.win32_1.0.200.202406191623/tools/bin/../lib/gcc/arm-none-eabi/12.3.1/../../../../arm-none-eabi/lib/thumb/v7e-m+fp/hard\libnosys.a
END GROUP
START GROUP
LOAD C:/ST/STM32CubeIDE_1.16.0/STM32CubeIDE/plugins/com.st.stm32cube.ide.mcu.externaltools.gnu-tools-for-stm32.12.3.rel1.win32_1.0.200.202406191623/tools/bin/../lib/gcc/arm-none-eabi/12.3.1/thumb/v7e-m+fp/hard\libgcc.a
LOAD C:/ST/STM32CubeIDE_1.16.0/STM32CubeIDE/plugins/com.st.stm32cube.ide.mcu.externaltools.gnu-tools-for-stm32.12.3.rel1.win32_1.0.200.202406191623/tools/bin/../lib/gcc/arm-none-eabi/12.3.1/../../../../arm-none-eabi/lib/thumb/v7e-m+fp/hard\libc_nano.a
LOAD C:/ST/STM32CubeIDE_1.16.0/STM32CubeIDE/plugins/com.st.stm32cube.ide.mcu.externaltools.gnu-tools-for-stm32.12.3.rel1.win32_1.0.200.202406191623/tools/bin/../lib/gcc/arm-none-eabi/12.3.1/../../../../arm-none-eabi/lib/thumb/v7e-m+fp/hard\libnosys.a
END GROUP
LOAD C:/ST/STM32CubeIDE_1.16.0/STM32CubeIDE/plugins/com.st.stm32cube.ide.mcu.externaltools.gnu-tools-for-stm32.12.3.rel1.win32_1.0.200.202406191623/tools/bin/../lib/gcc/arm-none-eabi/12.3.1/thumb/v7e-m+fp/hard/crtend.o
LOAD C:/ST/STM32CubeIDE_1.16.0/STM32CubeIDE/plugins/com.st.stm32cube.ide.mcu.externaltools.gnu-tools-for-stm32.12.3.rel1.win32_1.0.200.202406191623/tools/bin/../lib/gcc/arm-none-eabi/12.3.1/thumb/v7e-m+fp/hard/crtn.o
                0x20020000                        _estack = (ORIGIN (RAM) + LENGTH (RAM))
                0x00000200                        _Min_Heap_Size = 0x200
                0x00000400                        _Min_Stack_Size = 0x400

.isr_vector     0x08000000      0x1c4
                0x08000000                        . = ALIGN (0x4)
 *(.isr_vector)
 .isr_vector    0x08000000      0x1c4 ./Core/Startup/startup_stm32f446retx.o
                0x08000000                g_pfnVectors
                0x080001c4                        . = ALIGN (0x4)

.text           0x080001d0     0x7134
                0x080001d0                        . = ALIGN (0x4)
 *(.text)
 .text          0x080001d0       0x40 C:/ST/STM32CubeIDE_1.16.0/STM32CubeIDE/plugins/com.st.stm32cube.ide.mcu.externaltools.gnu-tools-for-stm32.12.3.rel1.win32_1.0.200.202406191623/tools/bin/../lib/gcc/arm-none-eabi/12.3.1/thumb/v7e-m+fp/hard/crtbegin.o
 .text          0x08000210       0x94 ./thirdparty/SEGGER/SEGGER/SEGGER_RTT_ASM_ARMv7M.o
                0x08000210                SEGGER_RTT_ASM_WriteSkipNoLock
 .text          0x080002a4       0x30 C:/ST/STM32CubeIDE_1.16.0/STM32CubeIDE/plugins/com.st.stm32cube.ide.mcu.externaltools.gnu-tools-for-stm32.12.3.rel1.win32_1.0.200.202406191623/tools/bin/../lib/gcc/arm-none-eabi/12.3.1/thumb/v7e-m+fp/hard\libgcc.a(_aeabi_uldivmod.o)
                0x080002a4                __aeabi_uldivmod
 .text          0x080002d4      0x2bc C:/ST/STM32CubeIDE_1.16.0/STM32CubeIDE/plugins/com.st.stm32cube.ide.mcu.externaltools.gnu-tools-for-stm32.12.3.rel1.win32_1.0.200.202406191623/tools/bin/../lib/gcc/arm-none-eabi/12.3.1/thumb/v7e-m+fp/hard\libgcc.a(_udivmoddi4.o)
                0x080002d4                __udivmoddi4
 .text          0x08000590        0x4 C:/ST/STM32CubeIDE_1.16.0/STM32CubeIDE/plugins/com.st.stm32cube.ide.mcu.externaltools.gnu-tools-for-stm32.12.3.rel1.win32_1.0.200.202406191623/tools/bin/../lib/gcc/arm-none-eabi/12.3.1/thumb/v7e-m+fp/hard\libgcc.a(_dvmd_tls.o)
                0x08000590                __aeabi_idiv0
                0x08000590                __aeabi_ldiv0
 *(.text*)
 .text.main     0x08000594       0xb0 ./Core/Src/main.o
                0x08000594                main
 .text.SystemClock_Config
                0x08000644       0xdc ./Core/Src/main.o
                0x08000644                SystemClock_Config
 .text.MX_GPIO_Init
                0x08000720       0xfc ./Core/Src/main.o
 .text.task1_handler
                0x0800081c       0x10 ./Core/Src/main.o
 .text.task2_handler
                0x0800082c       0x10 ./Core/Src/main.o
 .text.HAL_TIM_PeriodElapsedCallback
                0x0800083c       0x24 ./Core/Src/main.o
                0x0800083c                HAL_TIM_PeriodElapsedCallback
 .text.Error_Handler
                0x08000860        0xc ./Core/Src/main.o
                0x08000860                Error_Handler
 .text.HAL_MspInit
                0x0800086c       0x50 ./Core/Src/stm32f4xx_hal_msp.o
                0x0800086c                HAL_MspInit
 .text.HAL_InitTick
                0x080008bc       0xf8 ./Core/Src/stm32f4xx_hal_timebase_tim.o
                0x080008bc                HAL_InitTick
 .text.NMI_Handler
                0x080009b4        0x8 ./Core/Src/stm32f4xx_it.o
                0x080009b4                NMI_Handler
 .text.HardFault_Handler
                0x080009bc        0x8 ./Core/Src/stm32f4xx_it.o
                0x080009bc                HardFault_Handler
 .text.MemManage_Handler
                0x080009c4        0x8 ./Core/Src/stm32f4xx_it.o
                0x080009c4                MemManage_Handler
 .text.BusFault_Handler
                0x080009cc        0x8 ./Core/Src/stm32f4xx_it.o
                0x080009cc                BusFault_Handler
 .text.UsageFault_Handler
                0x080009d4        0x8 ./Core/Src/stm32f4xx_it.o
                0x080009d4                UsageFault_Handler
 .text.DebugMon_Handler
                0x080009dc        0xe ./Core/Src/stm32f4xx_it.o
                0x080009dc                DebugMon_Handler
 *fill*         0x080009ea        0x2 
 .text.TIM6_DAC_IRQHandler
                0x080009ec       0x14 ./Core/Src/stm32f4xx_it.o
                0x080009ec                TIM6_DAC_IRQHandler
 .text._read    0x08000a00       0x3a ./Core/Src/syscalls.o
                0x08000a00                _read
 .text._close   0x08000a3a       0x18 ./Core/Src/syscalls.o
                0x08000a3a                _close
 .text._fstat   0x08000a52       0x20 ./Core/Src/syscalls.o
                0x08000a52                _fstat
 .text._isatty  0x08000a72       0x16 ./Core/Src/syscalls.o
                0x08000a72                _isatty
 .text._lseek   0x08000a88       0x1a ./Core/Src/syscalls.o
                0x08000a88                _lseek
 *fill*         0x08000aa2        0x2 
 .text.SystemInit
                0x08000aa4       0x24 ./Core/Src/system_stm32f4xx.o
                0x08000aa4                SystemInit
 .text.Reset_Handler
                0x08000ac8       0x50 ./Core/Startup/startup_stm32f446retx.o
                0x08000ac8                Reset_Handler
 .text.Default_Handler
                0x08000b18        0x2 ./Core/Startup/startup_stm32f446retx.o
                0x08000b18                RTC_Alarm_IRQHandler
                0x08000b18                EXTI2_IRQHandler
                0x08000b18                TIM8_CC_IRQHandler
                0x08000b18                FMPI2C1_EV_IRQHandler
                0x08000b18                SPI4_IRQHandler
                0x08000b18                TIM1_CC_IRQHandler
                0x08000b18                DMA2_Stream5_IRQHandler
                0x08000b18                DMA1_Stream5_IRQHandler
                0x08000b18                PVD_IRQHandler
                0x08000b18                SDIO_IRQHandler
                0x08000b18                TAMP_STAMP_IRQHandler
                0x08000b18                CAN2_RX1_IRQHandler
                0x08000b18                EXTI3_IRQHandler
                0x08000b18                TIM8_TRG_COM_TIM14_IRQHandler
                0x08000b18                TIM1_UP_TIM10_IRQHandler
                0x08000b18                TIM8_UP_TIM13_IRQHandler
                0x08000b18                I2C3_ER_IRQHandler
                0x08000b18                EXTI0_IRQHandler
                0x08000b18                I2C2_EV_IRQHandler
                0x08000b18                DMA1_Stream2_IRQHandler
                0x08000b18                CAN1_RX0_IRQHandler
                0x08000b18                FPU_IRQHandler
                0x08000b18                OTG_HS_WKUP_IRQHandler
                0x08000b18                CAN2_SCE_IRQHandler
                0x08000b18                DMA2_Stream2_IRQHandler
                0x08000b18                SPI1_IRQHandler
                0x08000b18                TIM1_BRK_TIM9_IRQHandler
                0x08000b18                DCMI_IRQHandler
                0x08000b18                CAN2_RX0_IRQHandler
                0x08000b18                DMA2_Stream3_IRQHandler
                0x08000b18                SAI2_IRQHandler
                0x08000b18                USART6_IRQHandler
                0x08000b18                USART3_IRQHandler
                0x08000b18                CAN1_RX1_IRQHandler
                0x08000b18                UART5_IRQHandler
                0x08000b18                DMA2_Stream0_IRQHandler
                0x08000b18                TIM4_IRQHandler
                0x08000b18                QUADSPI_IRQHandler
                0x08000b18                I2C1_EV_IRQHandler
                0x08000b18                DMA1_Stream6_IRQHandler
                0x08000b18                DMA1_Stream1_IRQHandler
                0x08000b18                UART4_IRQHandler
                0x08000b18                TIM3_IRQHandler
                0x08000b18                RCC_IRQHandler
                0x08000b18                TIM8_BRK_TIM12_IRQHandler
                0x08000b18                Default_Handler
                0x08000b18                CEC_IRQHandler
                0x08000b18                EXTI15_10_IRQHandler
                0x08000b18                ADC_IRQHandler
                0x08000b18                DMA1_Stream7_IRQHandler
                0x08000b18                TIM7_IRQHandler
                0x08000b18                CAN2_TX_IRQHandler
                0x08000b18                TIM5_IRQHandler
                0x08000b18                DMA2_Stream7_IRQHandler
                0x08000b18                I2C3_EV_IRQHandler
                0x08000b18                EXTI9_5_IRQHandler
                0x08000b18                RTC_WKUP_IRQHandler
                0x08000b18                SPDIF_RX_IRQHandler
                0x08000b18                SPI2_IRQHandler
                0x08000b18                OTG_HS_EP1_IN_IRQHandler
                0x08000b18                DMA1_Stream0_IRQHandler
                0x08000b18                CAN1_TX_IRQHandler
                0x08000b18                FMPI2C1_ER_IRQHandler
                0x08000b18                EXTI4_IRQHandler
                0x08000b18                OTG_HS_EP1_OUT_IRQHandler
                0x08000b18                WWDG_IRQHandler
                0x08000b18                TIM2_IRQHandler
                0x08000b18                OTG_FS_WKUP_IRQHandler
                0x08000b18                TIM1_TRG_COM_TIM11_IRQHandler
                0x08000b18                OTG_HS_IRQHandler
                0x08000b18                EXTI1_IRQHandler
                0x08000b18                USART2_IRQHandler
                0x08000b18                I2C2_ER_IRQHandler
                0x08000b18                DMA2_Stream1_IRQHandler
                0x08000b18                CAN1_SCE_IRQHandler
                0x08000b18                FLASH_IRQHandler
                0x08000b18                DMA2_Stream4_IRQHandler
                0x08000b18                USART1_IRQHandler
                0x08000b18                OTG_FS_IRQHandler
                0x08000b18                SPI3_IRQHandler
                0x08000b18                DMA1_Stream4_IRQHandler
                0x08000b18                I2C1_ER_IRQHandler
                0x08000b18                FMC_IRQHandler
                0x08000b18                DMA2_Stream6_IRQHandler
                0x08000b18                SAI1_IRQHandler
                0x08000b18                DMA1_Stream3_IRQHandler
 *fill*         0x08000b1a        0x2 
 .text.HAL_Init
                0x08000b1c       0x44 ./Drivers/STM32F4xx_HAL_Driver/Src/stm32f4xx_hal.o
                0x08000b1c                HAL_Init
 .text.HAL_IncTick
                0x08000b60       0x28 ./Drivers/STM32F4xx_HAL_Driver/Src/stm32f4xx_hal.o
                0x08000b60                HAL_IncTick
 .text.HAL_GetTick
                0x08000b88       0x18 ./Drivers/STM32F4xx_HAL_Driver/Src/stm32f4xx_hal.o
                0x08000b88                HAL_GetTick
 .text.__NVIC_SetPriorityGrouping
                0x08000ba0       0x48 ./Drivers/STM32F4xx_HAL_Driver/Src/stm32f4xx_hal_cortex.o
 .text.__NVIC_GetPriorityGrouping
                0x08000be8       0x1c ./Drivers/STM32F4xx_HAL_Driver/Src/stm32f4xx_hal_cortex.o
 .text.__NVIC_EnableIRQ
                0x08000c04       0x3c ./Drivers/STM32F4xx_HAL_Driver/Src/stm32f4xx_hal_cortex.o
 .text.__NVIC_SetPriority
                0x08000c40       0x54 ./Drivers/STM32F4xx_HAL_Driver/Src/stm32f4xx_hal_cortex.o
 .text.NVIC_EncodePriority
                0x08000c94       0x66 ./Drivers/STM32F4xx_HAL_Driver/Src/stm32f4xx_hal_cortex.o
 .text.HAL_NVIC_SetPriorityGrouping
                0x08000cfa       0x16 ./Drivers/STM32F4xx_HAL_Driver/Src/stm32f4xx_hal_cortex.o
                0x08000cfa                HAL_NVIC_SetPriorityGrouping
 .text.HAL_NVIC_SetPriority
                0x08000d10       0x38 ./Drivers/STM32F4xx_HAL_Driver/Src/stm32f4xx_hal_cortex.o
                0x08000d10                HAL_NVIC_SetPriority
 .text.HAL_NVIC_EnableIRQ
                0x08000d48       0x1c ./Drivers/STM32F4xx_HAL_Driver/Src/stm32f4xx_hal_cortex.o
                0x08000d48                HAL_NVIC_EnableIRQ
 .text.HAL_GPIO_Init
                0x08000d64      0x328 ./Drivers/STM32F4xx_HAL_Driver/Src/stm32f4xx_hal_gpio.o
                0x08000d64                HAL_GPIO_Init
 .text.HAL_GPIO_WritePin
                0x0800108c       0x32 ./Drivers/STM32F4xx_HAL_Driver/Src/stm32f4xx_hal_gpio.o
                0x0800108c                HAL_GPIO_WritePin
 *fill*         0x080010be        0x2 
 .text.HAL_RCC_ClockConfig
                0x080010c0      0x1cc ./Drivers/STM32F4xx_HAL_Driver/Src/stm32f4xx_hal_rcc.o
                0x080010c0                HAL_RCC_ClockConfig
 .text.HAL_RCC_GetHCLKFreq
                0x0800128c       0x18 ./Drivers/STM32F4xx_HAL_Driver/Src/stm32f4xx_hal_rcc.o
                0x0800128c                HAL_RCC_GetHCLKFreq
 .text.HAL_RCC_GetPCLK1Freq
                0x080012a4       0x28 ./Drivers/STM32F4xx_HAL_Driver/Src/stm32f4xx_hal_rcc.o
                0x080012a4                HAL_RCC_GetPCLK1Freq
 .text.HAL_RCC_GetClockConfig
                0x080012cc       0x64 ./Drivers/STM32F4xx_HAL_Driver/Src/stm32f4xx_hal_rcc.o
                0x080012cc                HAL_RCC_GetClockConfig
 .text.HAL_RCC_GetSysClockFreq
                0x08001330      0x460 ./Drivers/STM32F4xx_HAL_Driver/Src/stm32f4xx_hal_rcc_ex.o
                0x08001330                HAL_RCC_GetSysClockFreq
 .text.HAL_RCC_OscConfig
                0x08001790      0x53c ./Drivers/STM32F4xx_HAL_Driver/Src/stm32f4xx_hal_rcc_ex.o
                0x08001790                HAL_RCC_OscConfig
 .text.HAL_TIM_Base_Init
                0x08001ccc       0x9e ./Drivers/STM32F4xx_HAL_Driver/Src/stm32f4xx_hal_tim.o
                0x08001ccc                HAL_TIM_Base_Init
 .text.HAL_TIM_Base_MspInit
                0x08001d6a       0x14 ./Drivers/STM32F4xx_HAL_Driver/Src/stm32f4xx_hal_tim.o
                0x08001d6a                HAL_TIM_Base_MspInit
 *fill*         0x08001d7e        0x2 
 .text.HAL_TIM_Base_Start_IT
                0x08001d80       0xe0 ./Drivers/STM32F4xx_HAL_Driver/Src/stm32f4xx_hal_tim.o
                0x08001d80                HAL_TIM_Base_Start_IT
 .text.HAL_TIM_IRQHandler
                0x08001e60      0x1e0 ./Drivers/STM32F4xx_HAL_Driver/Src/stm32f4xx_hal_tim.o
                0x08001e60                HAL_TIM_IRQHandler
 .text.HAL_TIM_OC_DelayElapsedCallback
                0x08002040       0x14 ./Drivers/STM32F4xx_HAL_Driver/Src/stm32f4xx_hal_tim.o
                0x08002040                HAL_TIM_OC_DelayElapsedCallback
 .text.HAL_TIM_IC_CaptureCallback
                0x08002054       0x14 ./Drivers/STM32F4xx_HAL_Driver/Src/stm32f4xx_hal_tim.o
                0x08002054                HAL_TIM_IC_CaptureCallback
 .text.HAL_TIM_PWM_PulseFinishedCallback
                0x08002068       0x14 ./Drivers/STM32F4xx_HAL_Driver/Src/stm32f4xx_hal_tim.o
                0x08002068                HAL_TIM_PWM_PulseFinishedCallback
 .text.HAL_TIM_TriggerCallback
                0x0800207c       0x14 ./Drivers/STM32F4xx_HAL_Driver/Src/stm32f4xx_hal_tim.o
                0x0800207c                HAL_TIM_TriggerCallback
 .text.TIM_Base_SetConfig
                0x08002090      0x14c ./Drivers/STM32F4xx_HAL_Driver/Src/stm32f4xx_hal_tim.o
                0x08002090                TIM_Base_SetConfig
 .text.HAL_TIMEx_CommutCallback
                0x080021dc       0x14 ./Drivers/STM32F4xx_HAL_Driver/Src/stm32f4xx_hal_tim_ex.o
                0x080021dc                HAL_TIMEx_CommutCallback
 .text.HAL_TIMEx_BreakCallback
                0x080021f0       0x14 ./Drivers/STM32F4xx_HAL_Driver/Src/stm32f4xx_hal_tim_ex.o
                0x080021f0                HAL_TIMEx_BreakCallback
 .text.vListInitialise
                0x08002204       0x40 ./thirdparty/FreeRTOS/list.o
                0x08002204                vListInitialise
 .text.vListInitialiseItem
                0x08002244       0x1a ./thirdparty/FreeRTOS/list.o
                0x08002244                vListInitialiseItem
 .text.vListInsertEnd
                0x0800225e       0x48 ./thirdparty/FreeRTOS/list.o
                0x0800225e                vListInsertEnd
 .text.vListInsert
                0x080022a6       0x72 ./thirdparty/FreeRTOS/list.o
                0x080022a6                vListInsert
 .text.uxListRemove
                0x08002318       0x54 ./thirdparty/FreeRTOS/list.o
                0x08002318                uxListRemove
 .text.xQueueGenericReset
                0x0800236c       0xd4 ./thirdparty/FreeRTOS/queue.o
                0x0800236c                xQueueGenericReset
 .text.xQueueGenericCreate
                0x08002440       0xc4 ./thirdparty/FreeRTOS/queue.o
                0x08002440                xQueueGenericCreate
 .text.prvInitialiseNewQueue
                0x08002504       0x52 ./thirdparty/FreeRTOS/queue.o
 *fill*         0x08002556        0x2 
 .text.xQueueGenericSend
                0x08002558      0x254 ./thirdparty/FreeRTOS/queue.o
                0x08002558                xQueueGenericSend
 .text.xQueueGenericSendFromISR
                0x080027ac      0x184 ./thirdparty/FreeRTOS/queue.o
                0x080027ac                xQueueGenericSendFromISR
 .text.xQueueReceive
                0x08002930      0x228 ./thirdparty/FreeRTOS/queue.o
                0x08002930                xQueueReceive
 .text.prvCopyDataToQueue
                0x08002b58       0xd4 ./thirdparty/FreeRTOS/queue.o
 .text.prvCopyDataFromQueue
                0x08002c2c       0x4c ./thirdparty/FreeRTOS/queue.o
 .text.prvUnlockQueue
                0x08002c78       0xa4 ./thirdparty/FreeRTOS/queue.o
 .text.prvIsQueueEmpty
                0x08002d1c       0x2c ./thirdparty/FreeRTOS/queue.o
 .text.prvIsQueueFull
                0x08002d48       0x30 ./thirdparty/FreeRTOS/queue.o
 .text.vQueueAddToRegistry
                0x08002d78       0x64 ./thirdparty/FreeRTOS/queue.o
                0x08002d78                vQueueAddToRegistry
 .text.vQueueWaitForMessageRestricted
                0x08002ddc       0x68 ./thirdparty/FreeRTOS/queue.o
                0x08002ddc                vQueueWaitForMessageRestricted
 .text.xTaskCreate
                0x08002e44       0x82 ./thirdparty/FreeRTOS/tasks.o
                0x08002e44                xTaskCreate
 .text.prvInitialiseNewTask
                0x08002ec6      0x12e ./thirdparty/FreeRTOS/tasks.o
 .text.prvAddNewTaskToReadyList
                0x08002ff4      0x118 ./thirdparty/FreeRTOS/tasks.o
 .text.vTaskStartScheduler
                0x0800310c       0xd0 ./thirdparty/FreeRTOS/tasks.o
                0x0800310c                vTaskStartScheduler
 .text.vTaskSuspendAll
                0x080031dc       0x1c ./thirdparty/FreeRTOS/tasks.o
                0x080031dc                vTaskSuspendAll
 .text.xTaskResumeAll
                0x080031f8      0x144 ./thirdparty/FreeRTOS/tasks.o
                0x080031f8                xTaskResumeAll
 .text.xTaskGetTickCount
                0x0800333c       0x20 ./thirdparty/FreeRTOS/tasks.o
                0x0800333c                xTaskGetTickCount
 .text.xTaskGetTickCountFromISR
                0x0800335c       0x24 ./thirdparty/FreeRTOS/tasks.o
                0x0800335c                xTaskGetTickCountFromISR
 .text.xTaskIncrementTick
                0x08003380      0x17c ./thirdparty/FreeRTOS/tasks.o
                0x08003380                xTaskIncrementTick
 .text.vTaskSwitchContext
                0x080034fc       0xe0 ./thirdparty/FreeRTOS/tasks.o
                0x080034fc                vTaskSwitchContext
 .text.vTaskPlaceOnEventList
                0x080035dc       0x4c ./thirdparty/FreeRTOS/tasks.o
                0x080035dc                vTaskPlaceOnEventList
 .text.vTaskPlaceOnEventListRestricted
                0x08003628       0x60 ./thirdparty/FreeRTOS/tasks.o
                0x08003628                vTaskPlaceOnEventListRestricted
 .text.xTaskRemoveFromEventList
                0x08003688       0xd0 ./thirdparty/FreeRTOS/tasks.o
                0x08003688                xTaskRemoveFromEventList
 .text.vTaskInternalSetTimeOutState
                0x08003758       0x2c ./thirdparty/FreeRTOS/tasks.o
                0x08003758                vTaskInternalSetTimeOutState
 .text.xTaskCheckForTimeOut
                0x08003784       0xd0 ./thirdparty/FreeRTOS/tasks.o
                0x08003784                xTaskCheckForTimeOut
 .text.vTaskMissedYield
                0x08003854       0x18 ./thirdparty/FreeRTOS/tasks.o
                0x08003854                vTaskMissedYield
 .text.prvIdleTask
                0x0800386c       0x30 ./thirdparty/FreeRTOS/tasks.o
 .text.prvInitialiseTaskLists
                0x0800389c       0x80 ./thirdparty/FreeRTOS/tasks.o
 .text.prvCheckTasksWaitingTermination
                0x0800391c       0x5c ./thirdparty/FreeRTOS/tasks.o
 .text.prvDeleteTCB
                0x08003978       0x20 ./thirdparty/FreeRTOS/tasks.o
 .text.prvResetNextTaskUnblockTime
                0x08003998       0x38 ./thirdparty/FreeRTOS/tasks.o
 .text.xTaskGetSchedulerState
                0x080039d0       0x3c ./thirdparty/FreeRTOS/tasks.o
                0x080039d0                xTaskGetSchedulerState
 .text.xTaskPriorityDisinherit
                0x08003a0c      0x104 ./thirdparty/FreeRTOS/tasks.o
                0x08003a0c                xTaskPriorityDisinherit
 .text.prvAddCurrentTaskToDelayedList
                0x08003b10       0xf0 ./thirdparty/FreeRTOS/tasks.o
 .text.xTimerCreateTimerTask
                0x08003c00       0x68 ./thirdparty/FreeRTOS/timers.o
                0x08003c00                xTimerCreateTimerTask
 .text.xTimerGenericCommand
                0x08003c68       0x9c ./thirdparty/FreeRTOS/timers.o
                0x08003c68                xTimerGenericCommand
 .text.prvProcessExpiredTimer
                0x08003d04       0x9c ./thirdparty/FreeRTOS/timers.o
 .text.prvTimerTask
                0x08003da0       0x26 ./thirdparty/FreeRTOS/timers.o
 *fill*         0x08003dc6        0x2 
 .text.prvProcessTimerOrBlockTask
                0x08003dc8       0x9c ./thirdparty/FreeRTOS/timers.o
 .text.prvGetNextExpireTime
                0x08003e64       0x48 ./thirdparty/FreeRTOS/timers.o
 .text.prvSampleTimeNow
                0x08003eac       0x40 ./thirdparty/FreeRTOS/timers.o
 .text.prvInsertTimerInActiveList
                0x08003eec       0x84 ./thirdparty/FreeRTOS/timers.o
 .text.prvProcessReceivedCommands
                0x08003f70      0x194 ./thirdparty/FreeRTOS/timers.o
 .text.prvSwitchTimerLists
                0x08004104       0xcc ./thirdparty/FreeRTOS/timers.o
 .text.prvCheckForValidListAndQueue
                0x080041d0       0x6c ./thirdparty/FreeRTOS/timers.o
 .text.pxPortInitialiseStack
                0x0800423c       0x68 ./thirdparty/FreeRTOS/portable/GCC/ARM_CM4F/port.o
                0x0800423c                pxPortInitialiseStack
 .text.prvTaskExitError
                0x080042a4       0x5c ./thirdparty/FreeRTOS/portable/GCC/ARM_CM4F/port.o
 .text.SVC_Handler
                0x08004300       0x28 ./thirdparty/FreeRTOS/portable/GCC/ARM_CM4F/port.o
                0x08004300                SVC_Handler
 .text.prvPortStartFirstTask
                0x08004328       0x2c ./thirdparty/FreeRTOS/portable/GCC/ARM_CM4F/port.o
 .text.xPortStartScheduler
                0x08004354      0x148 ./thirdparty/FreeRTOS/portable/GCC/ARM_CM4F/port.o
                0x08004354                xPortStartScheduler
 .text.vInitPrioGroupValue
                0x0800449c      0x100 ./thirdparty/FreeRTOS/portable/GCC/ARM_CM4F/port.o
                0x0800449c                vInitPrioGroupValue
 .text.vPortEnterCritical
                0x0800459c       0x64 ./thirdparty/FreeRTOS/portable/GCC/ARM_CM4F/port.o
                0x0800459c                vPortEnterCritical
 .text.vPortExitCritical
                0x08004600       0x54 ./thirdparty/FreeRTOS/portable/GCC/ARM_CM4F/port.o
                0x08004600                vPortExitCritical
 *fill*         0x08004654        0xc 
 .text.PendSV_Handler
                0x08004660       0x68 ./thirdparty/FreeRTOS/portable/GCC/ARM_CM4F/port.o
                0x08004660                PendSV_Handler
 .text.SysTick_Handler
                0x080046c8       0x54 ./thirdparty/FreeRTOS/portable/GCC/ARM_CM4F/port.o
                0x080046c8                SysTick_Handler
 .text.vPortSetupTimerInterrupt
                0x0800471c       0x48 ./thirdparty/FreeRTOS/portable/GCC/ARM_CM4F/port.o
                0x0800471c                vPortSetupTimerInterrupt
 .text.vPortEnableVFP
                0x08004764       0x18 ./thirdparty/FreeRTOS/portable/GCC/ARM_CM4F/port.o
 .text.vPortValidateInterruptPriority
                0x0800477c       0x84 ./thirdparty/FreeRTOS/portable/GCC/ARM_CM4F/port.o
                0x0800477c                vPortValidateInterruptPriority
 .text.pvPortMalloc
                0x08004800      0x1c4 ./thirdparty/FreeRTOS/portable/MemMang/heap_4.o
                0x08004800                pvPortMalloc
 .text.vPortFree
                0x080049c4       0xc8 ./thirdparty/FreeRTOS/portable/MemMang/heap_4.o
                0x080049c4                vPortFree
 .text.prvHeapInit
                0x08004a8c       0xc4 ./thirdparty/FreeRTOS/portable/MemMang/heap_4.o
 .text.prvInsertBlockIntoFreeList
                0x08004b50       0xb4 ./thirdparty/FreeRTOS/portable/MemMang/heap_4.o
 .text._cbSendSystemDesc
                0x08004c04       0x1c ./thirdparty/SEGGER/Config/SEGGER_SYSVIEW_Config_FreeRTOS.o
 .text.SEGGER_SYSVIEW_Conf
                0x08004c20       0x2c ./thirdparty/SEGGER/Config/SEGGER_SYSVIEW_Config_FreeRTOS.o
                0x08004c20                SEGGER_SYSVIEW_Conf
 .text._cbSendTaskList
                0x08004c4c       0x90 ./thirdparty/SEGGER/OS/SEGGER_SYSVIEW_FreeRTOS.o
 .text._cbGetTime
                0x08004cdc       0x86 ./thirdparty/SEGGER/OS/SEGGER_SYSVIEW_FreeRTOS.o
 *fill*         0x08004d62        0x2 
 .text.SYSVIEW_AddTask
                0x08004d64       0xd0 ./thirdparty/SEGGER/OS/SEGGER_SYSVIEW_FreeRTOS.o
                0x08004d64                SYSVIEW_AddTask
 .text.SYSVIEW_SendTaskInfo
                0x08004e34       0x42 ./thirdparty/SEGGER/OS/SEGGER_SYSVIEW_FreeRTOS.o
                0x08004e34                SYSVIEW_SendTaskInfo
 *fill*         0x08004e76        0x2 
 .text._DoInit  0x08004e78       0xb4 ./thirdparty/SEGGER/SEGGER/SEGGER_RTT.o
 .text._WriteBlocking
                0x08004f2c       0xba ./thirdparty/SEGGER/SEGGER/SEGGER_RTT.o
 .text._WriteNoCheck
                0x08004fe6       0x90 ./thirdparty/SEGGER/SEGGER/SEGGER_RTT.o
 .text._GetAvailWriteSpace
                0x08005076       0x46 ./thirdparty/SEGGER/SEGGER/SEGGER_RTT.o
 .text.SEGGER_RTT_ReadNoLock
                0x080050bc      0x10c ./thirdparty/SEGGER/SEGGER/SEGGER_RTT.o
                0x080050bc                SEGGER_RTT_ReadNoLock
 .text.SEGGER_RTT_WriteNoLock
                0x080051c8       0xa0 ./thirdparty/SEGGER/SEGGER/SEGGER_RTT.o
                0x080051c8                SEGGER_RTT_WriteNoLock
 .text.SEGGER_RTT_Write
                0x08005268       0x4c ./thirdparty/SEGGER/SEGGER/SEGGER_RTT.o
                0x08005268                SEGGER_RTT_Write
 .text.SEGGER_RTT_AllocUpBuffer
                0x080052b4      0x108 ./thirdparty/SEGGER/SEGGER/SEGGER_RTT.o
                0x080052b4                SEGGER_RTT_AllocUpBuffer
 .text.SEGGER_RTT_ConfigDownBuffer
                0x080053bc       0x98 ./thirdparty/SEGGER/SEGGER/SEGGER_RTT.o
                0x080053bc                SEGGER_RTT_ConfigDownBuffer
 .text._EncodeStr
                0x08005454       0x72 ./thirdparty/SEGGER/SEGGER/SEGGER_SYSVIEW.o
 .text._PreparePacket
                0x080054c6       0x18 ./thirdparty/SEGGER/SEGGER/SEGGER_SYSVIEW.o
 *fill*         0x080054de        0x2 
 .text._HandleIncomingPacket
                0x080054e0       0xdc ./thirdparty/SEGGER/SEGGER/SEGGER_SYSVIEW.o
 .text._TrySendOverflowPacket
                0x080055bc       0xe4 ./thirdparty/SEGGER/SEGGER/SEGGER_SYSVIEW.o
 .text._SendPacket
                0x080056a0      0x2dc ./thirdparty/SEGGER/SEGGER/SEGGER_SYSVIEW.o
 .text.SEGGER_SYSVIEW_Init
                0x0800597c       0x88 ./thirdparty/SEGGER/SEGGER/SEGGER_SYSVIEW.o
                0x0800597c                SEGGER_SYSVIEW_Init
 .text.SEGGER_SYSVIEW_SetRAMBase
                0x08005a04       0x20 ./thirdparty/SEGGER/SEGGER/SEGGER_SYSVIEW.o
                0x08005a04                SEGGER_SYSVIEW_SetRAMBase
 .text.SEGGER_SYSVIEW_RecordVoid
                0x08005a24       0x3c ./thirdparty/SEGGER/SEGGER/SEGGER_SYSVIEW.o
                0x08005a24                SEGGER_SYSVIEW_RecordVoid
 .text.SEGGER_SYSVIEW_RecordU32
                0x08005a60       0x78 ./thirdparty/SEGGER/SEGGER/SEGGER_SYSVIEW.o
                0x08005a60                SEGGER_SYSVIEW_RecordU32
 .text.SEGGER_SYSVIEW_RecordU32x2
                0x08005ad8       0xb4 ./thirdparty/SEGGER/SEGGER/SEGGER_SYSVIEW.o
                0x08005ad8                SEGGER_SYSVIEW_RecordU32x2
 .text.SEGGER_SYSVIEW_RecordU32x3
                0x08005b8c       0xec ./thirdparty/SEGGER/SEGGER/SEGGER_SYSVIEW.o
                0x08005b8c                SEGGER_SYSVIEW_RecordU32x3
 .text.SEGGER_SYSVIEW_RecordU32x4
                0x08005c78      0x124 ./thirdparty/SEGGER/SEGGER/SEGGER_SYSVIEW.o
                0x08005c78                SEGGER_SYSVIEW_RecordU32x4
 .text.SEGGER_SYSVIEW_Start
                0x08005d9c      0x174 ./thirdparty/SEGGER/SEGGER/SEGGER_SYSVIEW.o
                0x08005d9c                SEGGER_SYSVIEW_Start
 .text.SEGGER_SYSVIEW_Stop
                0x08005f10       0x4c ./thirdparty/SEGGER/SEGGER/SEGGER_SYSVIEW.o
                0x08005f10                SEGGER_SYSVIEW_Stop
 .text.SEGGER_SYSVIEW_GetSysDesc
                0x08005f5c      0x134 ./thirdparty/SEGGER/SEGGER/SEGGER_SYSVIEW.o
                0x08005f5c                SEGGER_SYSVIEW_GetSysDesc
 .text.SEGGER_SYSVIEW_SendTaskInfo
                0x08006090      0x1c8 ./thirdparty/SEGGER/SEGGER/SEGGER_SYSVIEW.o
                0x08006090                SEGGER_SYSVIEW_SendTaskInfo
 .text.SEGGER_SYSVIEW_SendTaskList
                0x08006258       0x28 ./thirdparty/SEGGER/SEGGER/SEGGER_SYSVIEW.o
                0x08006258                SEGGER_SYSVIEW_SendTaskList
 .text.SEGGER_SYSVIEW_SendSysDesc
                0x08006280       0x48 ./thirdparty/SEGGER/SEGGER/SEGGER_SYSVIEW.o
                0x08006280                SEGGER_SYSVIEW_SendSysDesc
 .text.SEGGER_SYSVIEW_RecordSystime
                0x080062c8       0x64 ./thirdparty/SEGGER/SEGGER/SEGGER_SYSVIEW.o
                0x080062c8                SEGGER_SYSVIEW_RecordSystime
 .text.SEGGER_SYSVIEW_RecordEnterISR
                0x0800632c       0x84 ./thirdparty/SEGGER/SEGGER/SEGGER_SYSVIEW.o
                0x0800632c                SEGGER_SYSVIEW_RecordEnterISR
 .text.SEGGER_SYSVIEW_RecordExitISR
                0x080063b0       0x38 ./thirdparty/SEGGER/SEGGER/SEGGER_SYSVIEW.o
                0x080063b0                SEGGER_SYSVIEW_RecordExitISR
 .text.SEGGER_SYSVIEW_RecordExitISRToScheduler
                0x080063e8       0x38 ./thirdparty/SEGGER/SEGGER/SEGGER_SYSVIEW.o
                0x080063e8                SEGGER_SYSVIEW_RecordExitISRToScheduler
 .text.SEGGER_SYSVIEW_OnIdle
                0x08006420       0x38 ./thirdparty/SEGGER/SEGGER/SEGGER_SYSVIEW.o
                0x08006420                SEGGER_SYSVIEW_OnIdle
 .text.SEGGER_SYSVIEW_OnTaskCreate
                0x08006458       0x84 ./thirdparty/SEGGER/SEGGER/SEGGER_SYSVIEW.o
                0x08006458                SEGGER_SYSVIEW_OnTaskCreate
 .text.SEGGER_SYSVIEW_OnTaskStartExec
                0x080064dc       0x84 ./thirdparty/SEGGER/SEGGER/SEGGER_SYSVIEW.o
                0x080064dc                SEGGER_SYSVIEW_OnTaskStartExec
 .text.SEGGER_SYSVIEW_OnTaskStartReady
                0x08006560       0x84 ./thirdparty/SEGGER/SEGGER/SEGGER_SYSVIEW.o
                0x08006560                SEGGER_SYSVIEW_OnTaskStartReady
 .text.SEGGER_SYSVIEW_OnTaskStopReady
                0x080065e4       0xc0 ./thirdparty/SEGGER/SEGGER/SEGGER_SYSVIEW.o
                0x080065e4                SEGGER_SYSVIEW_OnTaskStopReady
 .text.SEGGER_SYSVIEW_ShrinkId
                0x080066a4       0x20 ./thirdparty/SEGGER/SEGGER/SEGGER_SYSVIEW.o
                0x080066a4                SEGGER_SYSVIEW_ShrinkId
 .text.SEGGER_SYSVIEW_SendModule
                0x080066c4      0x114 ./thirdparty/SEGGER/SEGGER/SEGGER_SYSVIEW.o
                0x080066c4                SEGGER_SYSVIEW_SendModule
 .text.SEGGER_SYSVIEW_SendModuleDescription
                0x080067d8       0x3c ./thirdparty/SEGGER/SEGGER/SEGGER_SYSVIEW.o
                0x080067d8                SEGGER_SYSVIEW_SendModuleDescription
 .text.SEGGER_SYSVIEW_SendNumModules
                0x08006814       0x7c ./thirdparty/SEGGER/SEGGER/SEGGER_SYSVIEW.o
                0x08006814                SEGGER_SYSVIEW_SendNumModules
 .text.SEGGER_SYSVIEW_Warn
                0x08006890       0xb8 ./thirdparty/SEGGER/SEGGER/SEGGER_SYSVIEW.o
                0x08006890                SEGGER_SYSVIEW_Warn
 .text._write_r
                0x08006948       0x22 ./thirdparty/SEGGER/SEGGER/Syscalls/SEGGER_RTT_Syscalls_GCC.o
                0x08006948                _write_r
 *fill*         0x0800696a        0x2 
 .text.std      0x0800696c       0x6c C:/ST/STM32CubeIDE_1.16.0/STM32CubeIDE/plugins/com.st.stm32cube.ide.mcu.externaltools.gnu-tools-for-stm32.12.3.rel1.win32_1.0.200.202406191623/tools/bin/../lib/gcc/arm-none-eabi/12.3.1/../../../../arm-none-eabi/lib/thumb/v7e-m+fp/hard\libc_nano.a(libc_a-findfp.o)
 .text.stdio_exit_handler
                0x080069d8       0x18 C:/ST/STM32CubeIDE_1.16.0/STM32CubeIDE/plugins/com.st.stm32cube.ide.mcu.externaltools.gnu-tools-for-stm32.12.3.rel1.win32_1.0.200.202406191623/tools/bin/../lib/gcc/arm-none-eabi/12.3.1/../../../../arm-none-eabi/lib/thumb/v7e-m+fp/hard\libc_nano.a(libc_a-findfp.o)
 .text.cleanup_stdio
                0x080069f0       0x40 C:/ST/STM32CubeIDE_1.16.0/STM32CubeIDE/plugins/com.st.stm32cube.ide.mcu.externaltools.gnu-tools-for-stm32.12.3.rel1.win32_1.0.200.202406191623/tools/bin/../lib/gcc/arm-none-eabi/12.3.1/../../../../arm-none-eabi/lib/thumb/v7e-m+fp/hard\libc_nano.a(libc_a-findfp.o)
 .text.global_stdio_init.part.0
                0x08006a30       0x3c C:/ST/STM32CubeIDE_1.16.0/STM32CubeIDE/plugins/com.st.stm32cube.ide.mcu.externaltools.gnu-tools-for-stm32.12.3.rel1.win32_1.0.200.202406191623/tools/bin/../lib/gcc/arm-none-eabi/12.3.1/../../../../arm-none-eabi/lib/thumb/v7e-m+fp/hard\libc_nano.a(libc_a-findfp.o)
 .text.__sfp_lock_acquire
                0x08006a6c        0xc C:/ST/STM32CubeIDE_1.16.0/STM32CubeIDE/plugins/com.st.stm32cube.ide.mcu.externaltools.gnu-tools-for-stm32.12.3.rel1.win32_1.0.200.202406191623/tools/bin/../lib/gcc/arm-none-eabi/12.3.1/../../../../arm-none-eabi/lib/thumb/v7e-m+fp/hard\libc_nano.a(libc_a-findfp.o)
                0x08006a6c                __sfp_lock_acquire
 .text.__sfp_lock_release
                0x08006a78        0xc C:/ST/STM32CubeIDE_1.16.0/STM32CubeIDE/plugins/com.st.stm32cube.ide.mcu.externaltools.gnu-tools-for-stm32.12.3.rel1.win32_1.0.200.202406191623/tools/bin/../lib/gcc/arm-none-eabi/12.3.1/../../../../arm-none-eabi/lib/thumb/v7e-m+fp/hard\libc_nano.a(libc_a-findfp.o)
                0x08006a78                __sfp_lock_release
 .text.__sinit  0x08006a84       0x30 C:/ST/STM32CubeIDE_1.16.0/STM32CubeIDE/plugins/com.st.stm32cube.ide.mcu.externaltools.gnu-tools-for-stm32.12.3.rel1.win32_1.0.200.202406191623/tools/bin/../lib/gcc/arm-none-eabi/12.3.1/../../../../arm-none-eabi/lib/thumb/v7e-m+fp/hard\libc_nano.a(libc_a-findfp.o)
                0x08006a84                __sinit
 .text._fwalk_sglue
                0x08006ab4       0x3c C:/ST/STM32CubeIDE_1.16.0/STM32CubeIDE/plugins/com.st.stm32cube.ide.mcu.externaltools.gnu-tools-for-stm32.12.3.rel1.win32_1.0.200.202406191623/tools/bin/../lib/gcc/arm-none-eabi/12.3.1/../../../../arm-none-eabi/lib/thumb/v7e-m+fp/hard\libc_nano.a(libc_a-fwalk.o)
                0x08006ab4                _fwalk_sglue
 .text._puts_r  0x08006af0       0xaa C:/ST/STM32CubeIDE_1.16.0/STM32CubeIDE/plugins/com.st.stm32cube.ide.mcu.externaltools.gnu-tools-for-stm32.12.3.rel1.win32_1.0.200.202406191623/tools/bin/../lib/gcc/arm-none-eabi/12.3.1/../../../../arm-none-eabi/lib/thumb/v7e-m+fp/hard\libc_nano.a(libc_a-puts.o)
                0x08006af0                _puts_r
 *fill*         0x08006b9a        0x2 
 .text.puts     0x08006b9c       0x10 C:/ST/STM32CubeIDE_1.16.0/STM32CubeIDE/plugins/com.st.stm32cube.ide.mcu.externaltools.gnu-tools-for-stm32.12.3.rel1.win32_1.0.200.202406191623/tools/bin/../lib/gcc/arm-none-eabi/12.3.1/../../../../arm-none-eabi/lib/thumb/v7e-m+fp/hard\libc_nano.a(libc_a-puts.o)
                0x08006b9c                puts
 .text.__sread  0x08006bac       0x22 C:/ST/STM32CubeIDE_1.16.0/STM32CubeIDE/plugins/com.st.stm32cube.ide.mcu.externaltools.gnu-tools-for-stm32.12.3.rel1.win32_1.0.200.202406191623/tools/bin/../lib/gcc/arm-none-eabi/12.3.1/../../../../arm-none-eabi/lib/thumb/v7e-m+fp/hard\libc_nano.a(libc_a-stdio.o)
                0x08006bac                __sread
 .text.__swrite
                0x08006bce       0x38 C:/ST/STM32CubeIDE_1.16.0/STM32CubeIDE/plugins/com.st.stm32cube.ide.mcu.externaltools.gnu-tools-for-stm32.12.3.rel1.win32_1.0.200.202406191623/tools/bin/../lib/gcc/arm-none-eabi/12.3.1/../../../../arm-none-eabi/lib/thumb/v7e-m+fp/hard\libc_nano.a(libc_a-stdio.o)
                0x08006bce                __swrite
 .text.__sseek  0x08006c06       0x24 C:/ST/STM32CubeIDE_1.16.0/STM32CubeIDE/plugins/com.st.stm32cube.ide.mcu.externaltools.gnu-tools-for-stm32.12.3.rel1.win32_1.0.200.202406191623/tools/bin/../lib/gcc/arm-none-eabi/12.3.1/../../../../arm-none-eabi/lib/thumb/v7e-m+fp/hard\libc_nano.a(libc_a-stdio.o)
                0x08006c06                __sseek
 .text.__sclose
                0x08006c2a        0x8 C:/ST/STM32CubeIDE_1.16.0/STM32CubeIDE/plugins/com.st.stm32cube.ide.mcu.externaltools.gnu-tools-for-stm32.12.3.rel1.win32_1.0.200.202406191623/tools/bin/../lib/gcc/arm-none-eabi/12.3.1/../../../../arm-none-eabi/lib/thumb/v7e-m+fp/hard\libc_nano.a(libc_a-stdio.o)
                0x08006c2a                __sclose
 .text.__swbuf_r
                0x08006c32       0x7c C:/ST/STM32CubeIDE_1.16.0/STM32CubeIDE/plugins/com.st.stm32cube.ide.mcu.externaltools.gnu-tools-for-stm32.12.3.rel1.win32_1.0.200.202406191623/tools/bin/../lib/gcc/arm-none-eabi/12.3.1/../../../../arm-none-eabi/lib/thumb/v7e-m+fp/hard\libc_nano.a(libc_a-wbuf.o)
                0x08006c32                __swbuf_r
 *fill*         0x08006cae        0x2 
 .text.__swsetup_r
                0x08006cb0       0xac C:/ST/STM32CubeIDE_1.16.0/STM32CubeIDE/plugins/com.st.stm32cube.ide.mcu.externaltools.gnu-tools-for-stm32.12.3.rel1.win32_1.0.200.202406191623/tools/bin/../lib/gcc/arm-none-eabi/12.3.1/../../../../arm-none-eabi/lib/thumb/v7e-m+fp/hard\libc_nano.a(libc_a-wsetup.o)
                0x08006cb0                __swsetup_r
 .text.memcmp   0x08006d5c       0x20 C:/ST/STM32CubeIDE_1.16.0/STM32CubeIDE/plugins/com.st.stm32cube.ide.mcu.externaltools.gnu-tools-for-stm32.12.3.rel1.win32_1.0.200.202406191623/tools/bin/../lib/gcc/arm-none-eabi/12.3.1/../../../../arm-none-eabi/lib/thumb/v7e-m+fp/hard\libc_nano.a(libc_a-memcmp.o)
                0x08006d5c                memcmp
 .text.memset   0x08006d7c       0x10 C:/ST/STM32CubeIDE_1.16.0/STM32CubeIDE/plugins/com.st.stm32cube.ide.mcu.externaltools.gnu-tools-for-stm32.12.3.rel1.win32_1.0.200.202406191623/tools/bin/../lib/gcc/arm-none-eabi/12.3.1/../../../../arm-none-eabi/lib/thumb/v7e-m+fp/hard\libc_nano.a(libc_a-memset.o)
                0x08006d7c                memset
 .text._close_r
                0x08006d8c       0x20 C:/ST/STM32CubeIDE_1.16.0/STM32CubeIDE/plugins/com.st.stm32cube.ide.mcu.externaltools.gnu-tools-for-stm32.12.3.rel1.win32_1.0.200.202406191623/tools/bin/../lib/gcc/arm-none-eabi/12.3.1/../../../../arm-none-eabi/lib/thumb/v7e-m+fp/hard\libc_nano.a(libc_a-closer.o)
                0x08006d8c                _close_r
 .text._lseek_r
                0x08006dac       0x24 C:/ST/STM32CubeIDE_1.16.0/STM32CubeIDE/plugins/com.st.stm32cube.ide.mcu.externaltools.gnu-tools-for-stm32.12.3.rel1.win32_1.0.200.202406191623/tools/bin/../lib/gcc/arm-none-eabi/12.3.1/../../../../arm-none-eabi/lib/thumb/v7e-m+fp/hard\libc_nano.a(libc_a-lseekr.o)
                0x08006dac                _lseek_r
 .text._read_r  0x08006dd0       0x24 C:/ST/STM32CubeIDE_1.16.0/STM32CubeIDE/plugins/com.st.stm32cube.ide.mcu.externaltools.gnu-tools-for-stm32.12.3.rel1.win32_1.0.200.202406191623/tools/bin/../lib/gcc/arm-none-eabi/12.3.1/../../../../arm-none-eabi/lib/thumb/v7e-m+fp/hard\libc_nano.a(libc_a-readr.o)
                0x08006dd0                _read_r
 .text.__libc_init_array
                0x08006df4       0x48 C:/ST/STM32CubeIDE_1.16.0/STM32CubeIDE/plugins/com.st.stm32cube.ide.mcu.externaltools.gnu-tools-for-stm32.12.3.rel1.win32_1.0.200.202406191623/tools/bin/../lib/gcc/arm-none-eabi/12.3.1/../../../../arm-none-eabi/lib/thumb/v7e-m+fp/hard\libc_nano.a(libc_a-init.o)
                0x08006df4                __libc_init_array
 .text.__retarget_lock_init_recursive
                0x08006e3c        0x2 C:/ST/STM32CubeIDE_1.16.0/STM32CubeIDE/plugins/com.st.stm32cube.ide.mcu.externaltools.gnu-tools-for-stm32.12.3.rel1.win32_1.0.200.202406191623/tools/bin/../lib/gcc/arm-none-eabi/12.3.1/../../../../arm-none-eabi/lib/thumb/v7e-m+fp/hard\libc_nano.a(libc_a-lock.o)
                0x08006e3c                __retarget_lock_init_recursive
 .text.__retarget_lock_acquire_recursive
                0x08006e3e        0x2 C:/ST/STM32CubeIDE_1.16.0/STM32CubeIDE/plugins/com.st.stm32cube.ide.mcu.externaltools.gnu-tools-for-stm32.12.3.rel1.win32_1.0.200.202406191623/tools/bin/../lib/gcc/arm-none-eabi/12.3.1/../../../../arm-none-eabi/lib/thumb/v7e-m+fp/hard\libc_nano.a(libc_a-lock.o)
                0x08006e3e                __retarget_lock_acquire_recursive
 .text.__retarget_lock_release_recursive
                0x08006e40        0x2 C:/ST/STM32CubeIDE_1.16.0/STM32CubeIDE/plugins/com.st.stm32cube.ide.mcu.externaltools.gnu-tools-for-stm32.12.3.rel1.win32_1.0.200.202406191623/tools/bin/../lib/gcc/arm-none-eabi/12.3.1/../../../../arm-none-eabi/lib/thumb/v7e-m+fp/hard\libc_nano.a(libc_a-lock.o)
                0x08006e40                __retarget_lock_release_recursive
 .text.memcpy   0x08006e42       0x1c C:/ST/STM32CubeIDE_1.16.0/STM32CubeIDE/plugins/com.st.stm32cube.ide.mcu.externaltools.gnu-tools-for-stm32.12.3.rel1.win32_1.0.200.202406191623/tools/bin/../lib/gcc/arm-none-eabi/12.3.1/../../../../arm-none-eabi/lib/thumb/v7e-m+fp/hard\libc_nano.a(libc_a-memcpy-stub.o)
                0x08006e42                memcpy
 *fill*         0x08006e5e        0x2 
 .text._free_r  0x08006e60       0x94 C:/ST/STM32CubeIDE_1.16.0/STM32CubeIDE/plugins/com.st.stm32cube.ide.mcu.externaltools.gnu-tools-for-stm32.12.3.rel1.win32_1.0.200.202406191623/tools/bin/../lib/gcc/arm-none-eabi/12.3.1/../../../../arm-none-eabi/lib/thumb/v7e-m+fp/hard\libc_nano.a(libc_a-freer.o)
                0x08006e60                _free_r
 .text.sbrk_aligned
                0x08006ef4       0x44 C:/ST/STM32CubeIDE_1.16.0/STM32CubeIDE/plugins/com.st.stm32cube.ide.mcu.externaltools.gnu-tools-for-stm32.12.3.rel1.win32_1.0.200.202406191623/tools/bin/../lib/gcc/arm-none-eabi/12.3.1/../../../../arm-none-eabi/lib/thumb/v7e-m+fp/hard\libc_nano.a(libc_a-mallocr.o)
 .text._malloc_r
                0x08006f38      0x100 C:/ST/STM32CubeIDE_1.16.0/STM32CubeIDE/plugins/com.st.stm32cube.ide.mcu.externaltools.gnu-tools-for-stm32.12.3.rel1.win32_1.0.200.202406191623/tools/bin/../lib/gcc/arm-none-eabi/12.3.1/../../../../arm-none-eabi/lib/thumb/v7e-m+fp/hard\libc_nano.a(libc_a-mallocr.o)
                0x08006f38                _malloc_r
 .text.__malloc_lock
                0x08007038        0xc C:/ST/STM32CubeIDE_1.16.0/STM32CubeIDE/plugins/com.st.stm32cube.ide.mcu.externaltools.gnu-tools-for-stm32.12.3.rel1.win32_1.0.200.202406191623/tools/bin/../lib/gcc/arm-none-eabi/12.3.1/../../../../arm-none-eabi/lib/thumb/v7e-m+fp/hard\libc_nano.a(libc_a-mlock.o)
                0x08007038                __malloc_lock
 .text.__malloc_unlock
                0x08007044        0xc C:/ST/STM32CubeIDE_1.16.0/STM32CubeIDE/plugins/com.st.stm32cube.ide.mcu.externaltools.gnu-tools-for-stm32.12.3.rel1.win32_1.0.200.202406191623/tools/bin/../lib/gcc/arm-none-eabi/12.3.1/../../../../arm-none-eabi/lib/thumb/v7e-m+fp/hard\libc_nano.a(libc_a-mlock.o)
                0x08007044                __malloc_unlock
 .text.__sflush_r
                0x08007050      0x108 C:/ST/STM32CubeIDE_1.16.0/STM32CubeIDE/plugins/com.st.stm32cube.ide.mcu.externaltools.gnu-tools-for-stm32.12.3.rel1.win32_1.0.200.202406191623/tools/bin/../lib/gcc/arm-none-eabi/12.3.1/../../../../arm-none-eabi/lib/thumb/v7e-m+fp/hard\libc_nano.a(libc_a-fflush.o)
                0x08007050                __sflush_r
 .text._fflush_r
                0x08007158       0x50 C:/ST/STM32CubeIDE_1.16.0/STM32CubeIDE/plugins/com.st.stm32cube.ide.mcu.externaltools.gnu-tools-for-stm32.12.3.rel1.win32_1.0.200.202406191623/tools/bin/../lib/gcc/arm-none-eabi/12.3.1/../../../../arm-none-eabi/lib/thumb/v7e-m+fp/hard\libc_nano.a(libc_a-fflush.o)
                0x08007158                _fflush_r
 .text.__swhatbuf_r
                0x080071a8       0x4c C:/ST/STM32CubeIDE_1.16.0/STM32CubeIDE/plugins/com.st.stm32cube.ide.mcu.externaltools.gnu-tools-for-stm32.12.3.rel1.win32_1.0.200.202406191623/tools/bin/../lib/gcc/arm-none-eabi/12.3.1/../../../../arm-none-eabi/lib/thumb/v7e-m+fp/hard\libc_nano.a(libc_a-makebuf.o)
                0x080071a8                __swhatbuf_r
 .text.__smakebuf_r
                0x080071f4       0x78 C:/ST/STM32CubeIDE_1.16.0/STM32CubeIDE/plugins/com.st.stm32cube.ide.mcu.externaltools.gnu-tools-for-stm32.12.3.rel1.win32_1.0.200.202406191623/tools/bin/../lib/gcc/arm-none-eabi/12.3.1/../../../../arm-none-eabi/lib/thumb/v7e-m+fp/hard\libc_nano.a(libc_a-makebuf.o)
                0x080071f4                __smakebuf_r
 .text._fstat_r
                0x0800726c       0x24 C:/ST/STM32CubeIDE_1.16.0/STM32CubeIDE/plugins/com.st.stm32cube.ide.mcu.externaltools.gnu-tools-for-stm32.12.3.rel1.win32_1.0.200.202406191623/tools/bin/../lib/gcc/arm-none-eabi/12.3.1/../../../../arm-none-eabi/lib/thumb/v7e-m+fp/hard\libc_nano.a(libc_a-fstatr.o)
                0x0800726c                _fstat_r
 .text._isatty_r
                0x08007290       0x20 C:/ST/STM32CubeIDE_1.16.0/STM32CubeIDE/plugins/com.st.stm32cube.ide.mcu.externaltools.gnu-tools-for-stm32.12.3.rel1.win32_1.0.200.202406191623/tools/bin/../lib/gcc/arm-none-eabi/12.3.1/../../../../arm-none-eabi/lib/thumb/v7e-m+fp/hard\libc_nano.a(libc_a-isattyr.o)
                0x08007290                _isatty_r
 .text._sbrk_r  0x080072b0       0x20 C:/ST/STM32CubeIDE_1.16.0/STM32CubeIDE/plugins/com.st.stm32cube.ide.mcu.externaltools.gnu-tools-for-stm32.12.3.rel1.win32_1.0.200.202406191623/tools/bin/../lib/gcc/arm-none-eabi/12.3.1/../../../../arm-none-eabi/lib/thumb/v7e-m+fp/hard\libc_nano.a(libc_a-sbrkr.o)
                0x080072b0                _sbrk_r
 .text._sbrk    0x080072d0       0x1c C:/ST/STM32CubeIDE_1.16.0/STM32CubeIDE/plugins/com.st.stm32cube.ide.mcu.externaltools.gnu-tools-for-stm32.12.3.rel1.win32_1.0.200.202406191623/tools/bin/../lib/gcc/arm-none-eabi/12.3.1/../../../../arm-none-eabi/lib/thumb/v7e-m+fp/hard\libnosys.a(sbrk.o)
                0x080072d0                _sbrk
 *(.glue_7)
 .glue_7        0x080072ec        0x0 linker stubs
 *(.glue_7t)
 .glue_7t       0x080072ec        0x0 linker stubs
 *(.eh_frame)
 .eh_frame      0x080072ec        0x0 C:/ST/STM32CubeIDE_1.16.0/STM32CubeIDE/plugins/com.st.stm32cube.ide.mcu.externaltools.gnu-tools-for-stm32.12.3.rel1.win32_1.0.200.202406191623/tools/bin/../lib/gcc/arm-none-eabi/12.3.1/thumb/v7e-m+fp/hard/crtbegin.o
 *(.init)
 .init          0x080072ec        0x4 C:/ST/STM32CubeIDE_1.16.0/STM32CubeIDE/plugins/com.st.stm32cube.ide.mcu.externaltools.gnu-tools-for-stm32.12.3.rel1.win32_1.0.200.202406191623/tools/bin/../lib/gcc/arm-none-eabi/12.3.1/thumb/v7e-m+fp/hard/crti.o
                0x080072ec                _init
 .init          0x080072f0        0x8 C:/ST/STM32CubeIDE_1.16.0/STM32CubeIDE/plugins/com.st.stm32cube.ide.mcu.externaltools.gnu-tools-for-stm32.12.3.rel1.win32_1.0.200.202406191623/tools/bin/../lib/gcc/arm-none-eabi/12.3.1/thumb/v7e-m+fp/hard/crtn.o
 *(.fini)
 .fini          0x080072f8        0x4 C:/ST/STM32CubeIDE_1.16.0/STM32CubeIDE/plugins/com.st.stm32cube.ide.mcu.externaltools.gnu-tools-for-stm32.12.3.rel1.win32_1.0.200.202406191623/tools/bin/../lib/gcc/arm-none-eabi/12.3.1/thumb/v7e-m+fp/hard/crti.o
                0x080072f8                _fini
 .fini          0x080072fc        0x8 C:/ST/STM32CubeIDE_1.16.0/STM32CubeIDE/plugins/com.st.stm32cube.ide.mcu.externaltools.gnu-tools-for-stm32.12.3.rel1.win32_1.0.200.202406191623/tools/bin/../lib/gcc/arm-none-eabi/12.3.1/thumb/v7e-m+fp/hard/crtn.o
                0x08007304                        . = ALIGN (0x4)
                0x08007304                        _etext = .

.vfp11_veneer   0x08007304        0x0
 .vfp11_veneer  0x08007304        0x0 linker stubs

.v4_bx          0x08007304        0x0
 .v4_bx         0x08007304        0x0 linker stubs

.iplt           0x08007304        0x0
 .iplt          0x08007304        0x0 C:/ST/STM32CubeIDE_1.16.0/STM32CubeIDE/plugins/com.st.stm32cube.ide.mcu.externaltools.gnu-tools-for-stm32.12.3.rel1.win32_1.0.200.202406191623/tools/bin/../lib/gcc/arm-none-eabi/12.3.1/thumb/v7e-m+fp/hard/crtbegin.o

.rodata         0x08007304      0x144
                0x08007304                        . = ALIGN (0x4)
 *(.rodata)
 .rodata        0x08007304       0x27 ./Core/Src/main.o
 *fill*         0x0800732b        0x1 
 .rodata        0x0800732c        0x5 ./thirdparty/FreeRTOS/tasks.o
 *fill*         0x08007331        0x3 
 .rodata        0x08007334        0xd ./thirdparty/FreeRTOS/timers.o
 *fill*         0x08007341        0x3 
 .rodata        0x08007344       0x4d ./thirdparty/SEGGER/Config/SEGGER_SYSVIEW_Config_FreeRTOS.o
 *fill*         0x08007391        0x3 
 .rodata        0x08007394       0x58 ./thirdparty/SEGGER/OS/SEGGER_SYSVIEW_FreeRTOS.o
 .rodata        0x080073ec        0x9 ./thirdparty/SEGGER/SEGGER/SEGGER_RTT.o
 *fill*         0x080073f5        0x3 
 .rodata        0x080073f8       0x10 ./thirdparty/SEGGER/SEGGER/SEGGER_SYSVIEW.o
 *(.rodata*)
 .rodata.AHBPrescTable
                0x08007408       0x10 ./Core/Src/system_stm32f4xx.o
                0x08007408                AHBPrescTable
 .rodata.APBPrescTable
                0x08007418        0x8 ./Core/Src/system_stm32f4xx.o
                0x08007418                APBPrescTable
 .rodata.SYSVIEW_X_OS_TraceAPI
                0x08007420        0x8 ./thirdparty/SEGGER/OS/SEGGER_SYSVIEW_FreeRTOS.o
                0x08007420                SYSVIEW_X_OS_TraceAPI
 .rodata._aInitStr.0
                0x08007428       0x11 ./thirdparty/SEGGER/SEGGER/SEGGER_RTT.o
 *fill*         0x08007439        0x3 
 .rodata._abSync
                0x0800743c        0xa ./thirdparty/SEGGER/SEGGER/SEGGER_SYSVIEW.o
                0x08007448                        . = ALIGN (0x4)
 *fill*         0x08007446        0x2 

.ARM.extab      0x08007448        0x0
                0x08007448                        . = ALIGN (0x4)
 *(.ARM.extab* .gnu.linkonce.armextab.*)
                0x08007448                        . = ALIGN (0x4)

.ARM            0x08007448        0x8
                0x08007448                        . = ALIGN (0x4)
                0x08007448                        __exidx_start = .
 *(.ARM.exidx*)
 .ARM.exidx     0x08007448        0x8 C:/ST/STM32CubeIDE_1.16.0/STM32CubeIDE/plugins/com.st.stm32cube.ide.mcu.externaltools.gnu-tools-for-stm32.12.3.rel1.win32_1.0.200.202406191623/tools/bin/../lib/gcc/arm-none-eabi/12.3.1/thumb/v7e-m+fp/hard\libgcc.a(_udivmoddi4.o)
                0x08007450                        __exidx_end = .
                0x08007450                        . = ALIGN (0x4)

.preinit_array  0x08007450        0x0
                0x08007450                        . = ALIGN (0x4)
                0x08007450                        PROVIDE (__preinit_array_start = .)
 *(.preinit_array*)
                0x08007450                        PROVIDE (__preinit_array_end = .)
                0x08007450                        . = ALIGN (0x4)

.init_array     0x08007450        0x4
                0x08007450                        . = ALIGN (0x4)
                0x08007450                        PROVIDE (__init_array_start = .)
 *(SORT_BY_NAME(.init_array.*))
 *(.init_array*)
 .init_array    0x08007450        0x4 C:/ST/STM32CubeIDE_1.16.0/STM32CubeIDE/plugins/com.st.stm32cube.ide.mcu.externaltools.gnu-tools-for-stm32.12.3.rel1.win32_1.0.200.202406191623/tools/bin/../lib/gcc/arm-none-eabi/12.3.1/thumb/v7e-m+fp/hard/crtbegin.o
                0x08007454                        PROVIDE (__init_array_end = .)
                0x08007454                        . = ALIGN (0x4)

.fini_array     0x08007454        0x4
                0x08007454                        . = ALIGN (0x4)
                [!provide]                        PROVIDE (__fini_array_start = .)
 *(SORT_BY_NAME(.fini_array.*))
 *(.fini_array*)
 .fini_array    0x08007454        0x4 C:/ST/STM32CubeIDE_1.16.0/STM32CubeIDE/plugins/com.st.stm32cube.ide.mcu.externaltools.gnu-tools-for-stm32.12.3.rel1.win32_1.0.200.202406191623/tools/bin/../lib/gcc/arm-none-eabi/12.3.1/thumb/v7e-m+fp/hard/crtbegin.o
                [!provide]                        PROVIDE (__fini_array_end = .)
                0x08007458                        . = ALIGN (0x4)
                0x08007458                        _sidata = LOADADDR (.data)

.rel.dyn        0x08007458        0x0
 .rel.iplt      0x08007458        0x0 C:/ST/STM32CubeIDE_1.16.0/STM32CubeIDE/plugins/com.st.stm32cube.ide.mcu.externaltools.gnu-tools-for-stm32.12.3.rel1.win32_1.0.200.202406191623/tools/bin/../lib/gcc/arm-none-eabi/12.3.1/thumb/v7e-m+fp/hard/crtbegin.o

.data           0x20000000       0x70 load address 0x08007458
                0x20000000                        . = ALIGN (0x4)
                0x20000000                        _sdata = .
 *(.data)
 *(.data*)
 .data.SystemCoreClock
                0x20000000        0x4 ./Core/Src/system_stm32f4xx.o
                0x20000000                SystemCoreClock
 .data.uwTickPrio
                0x20000004        0x4 ./Drivers/STM32F4xx_HAL_Driver/Src/stm32f4xx_hal.o
                0x20000004                uwTickPrio
 .data.uwTickFreq
                0x20000008        0x1 ./Drivers/STM32F4xx_HAL_Driver/Src/stm32f4xx_hal.o
                0x20000008                uwTickFreq
 *fill*         0x20000009        0x3 
 .data.uxTopUsedPriority
                0x2000000c        0x4 ./thirdparty/FreeRTOS/tasks.o
                0x2000000c                uxTopUsedPriority
 .data.uxCriticalNesting
                0x20000010        0x4 ./thirdparty/FreeRTOS/portable/GCC/ARM_CM4F/port.o
 .data.__sglue  0x20000014        0xc C:/ST/STM32CubeIDE_1.16.0/STM32CubeIDE/plugins/com.st.stm32cube.ide.mcu.externaltools.gnu-tools-for-stm32.12.3.rel1.win32_1.0.200.202406191623/tools/bin/../lib/gcc/arm-none-eabi/12.3.1/../../../../arm-none-eabi/lib/thumb/v7e-m+fp/hard\libc_nano.a(libc_a-findfp.o)
                0x20000014                __sglue
 .data._impure_ptr
                0x20000020        0x4 C:/ST/STM32CubeIDE_1.16.0/STM32CubeIDE/plugins/com.st.stm32cube.ide.mcu.externaltools.gnu-tools-for-stm32.12.3.rel1.win32_1.0.200.202406191623/tools/bin/../lib/gcc/arm-none-eabi/12.3.1/../../../../arm-none-eabi/lib/thumb/v7e-m+fp/hard\libc_nano.a(libc_a-impure.o)
                0x20000020                _impure_ptr
 .data._impure_data
                0x20000024       0x4c C:/ST/STM32CubeIDE_1.16.0/STM32CubeIDE/plugins/com.st.stm32cube.ide.mcu.externaltools.gnu-tools-for-stm32.12.3.rel1.win32_1.0.200.202406191623/tools/bin/../lib/gcc/arm-none-eabi/12.3.1/../../../../arm-none-eabi/lib/thumb/v7e-m+fp/hard\libc_nano.a(libc_a-impure.o)
                0x20000024                _impure_data
 *(.RamFunc)
 *(.RamFunc*)
                0x20000070                        . = ALIGN (0x4)
                0x20000070                        _edata = .

.igot.plt       0x20000070        0x0 load address 0x080074c8
 .igot.plt      0x20000070        0x0 C:/ST/STM32CubeIDE_1.16.0/STM32CubeIDE/plugins/com.st.stm32cube.ide.mcu.externaltools.gnu-tools-for-stm32.12.3.rel1.win32_1.0.200.202406191623/tools/bin/../lib/gcc/arm-none-eabi/12.3.1/thumb/v7e-m+fp/hard/crtbegin.o
                0x20000070                        . = ALIGN (0x4)

.bss            0x20000070    0x145d8 load address 0x080074c8
                0x20000070                        _sbss = .
                0x20000070                        __bss_start__ = _sbss
 *(.bss)
 .bss           0x20000070       0x1c C:/ST/STM32CubeIDE_1.16.0/STM32CubeIDE/plugins/com.st.stm32cube.ide.mcu.externaltools.gnu-tools-for-stm32.12.3.rel1.win32_1.0.200.202406191623/tools/bin/../lib/gcc/arm-none-eabi/12.3.1/thumb/v7e-m+fp/hard/crtbegin.o
 *(.bss*)
 .bss.htim6     0x2000008c       0x48 ./Core/Src/stm32f4xx_hal_timebase_tim.o
                0x2000008c                htim6
 .bss.uwTick    0x200000d4        0x4 ./Drivers/STM32F4xx_HAL_Driver/Src/stm32f4xx_hal.o
                0x200000d4                uwTick
 .bss.xQueueRegistry
                0x200000d8       0x40 ./thirdparty/FreeRTOS/queue.o
                0x200000d8                xQueueRegistry
 .bss.pxCurrentTCB
                0x20000118        0x4 ./thirdparty/FreeRTOS/tasks.o
                0x20000118                pxCurrentTCB
 .bss.pxReadyTasksLists
                0x2000011c       0x64 ./thirdparty/FreeRTOS/tasks.o
 .bss.xDelayedTaskList1
                0x20000180       0x14 ./thirdparty/FreeRTOS/tasks.o
 .bss.xDelayedTaskList2
                0x20000194       0x14 ./thirdparty/FreeRTOS/tasks.o
 .bss.pxDelayedTaskList
                0x200001a8        0x4 ./thirdparty/FreeRTOS/tasks.o
 .bss.pxOverflowDelayedTaskList
                0x200001ac        0x4 ./thirdparty/FreeRTOS/tasks.o
 .bss.xPendingReadyList
                0x200001b0       0x14 ./thirdparty/FreeRTOS/tasks.o
 .bss.xTasksWaitingTermination
                0x200001c4       0x14 ./thirdparty/FreeRTOS/tasks.o
 .bss.uxDeletedTasksWaitingCleanUp
                0x200001d8        0x4 ./thirdparty/FreeRTOS/tasks.o
 .bss.xSuspendedTaskList
                0x200001dc       0x14 ./thirdparty/FreeRTOS/tasks.o
 .bss.uxCurrentNumberOfTasks
                0x200001f0        0x4 ./thirdparty/FreeRTOS/tasks.o
 .bss.xTickCount
                0x200001f4        0x4 ./thirdparty/FreeRTOS/tasks.o
 .bss.uxTopReadyPriority
                0x200001f8        0x4 ./thirdparty/FreeRTOS/tasks.o
 .bss.xSchedulerRunning
                0x200001fc        0x4 ./thirdparty/FreeRTOS/tasks.o
 .bss.xPendedTicks
                0x20000200        0x4 ./thirdparty/FreeRTOS/tasks.o
 .bss.xYieldPending
                0x20000204        0x4 ./thirdparty/FreeRTOS/tasks.o
 .bss.xNumOfOverflows
                0x20000208        0x4 ./thirdparty/FreeRTOS/tasks.o
 .bss.uxTaskNumber
                0x2000020c        0x4 ./thirdparty/FreeRTOS/tasks.o
 .bss.xNextTaskUnblockTime
                0x20000210        0x4 ./thirdparty/FreeRTOS/tasks.o
 .bss.xIdleTaskHandle
                0x20000214        0x4 ./thirdparty/FreeRTOS/tasks.o
 .bss.uxSchedulerSuspended
                0x20000218        0x4 ./thirdparty/FreeRTOS/tasks.o
 .bss.xActiveTimerList1
                0x2000021c       0x14 ./thirdparty/FreeRTOS/timers.o
 .bss.xActiveTimerList2
                0x20000230       0x14 ./thirdparty/FreeRTOS/timers.o
 .bss.pxCurrentTimerList
                0x20000244        0x4 ./thirdparty/FreeRTOS/timers.o
 .bss.pxOverflowTimerList
                0x20000248        0x4 ./thirdparty/FreeRTOS/timers.o
 .bss.xTimerQueue
                0x2000024c        0x4 ./thirdparty/FreeRTOS/timers.o
 .bss.xTimerTaskHandle
                0x20000250        0x4 ./thirdparty/FreeRTOS/timers.o
 .bss.xLastTime.0
                0x20000254        0x4 ./thirdparty/FreeRTOS/timers.o
 .bss.ucMaxSysCallPriority
                0x20000258        0x1 ./thirdparty/FreeRTOS/portable/GCC/ARM_CM4F/port.o
 *fill*         0x20000259        0x3 
 .bss.ulMaxPRIGROUPValue
                0x2000025c        0x4 ./thirdparty/FreeRTOS/portable/GCC/ARM_CM4F/port.o
 .bss.ucHeap    0x20000260    0x12c00 ./thirdparty/FreeRTOS/portable/MemMang/heap_4.o
 .bss.xStart    0x20012e60        0x8 ./thirdparty/FreeRTOS/portable/MemMang/heap_4.o
 .bss.pxEnd     0x20012e68        0x4 ./thirdparty/FreeRTOS/portable/MemMang/heap_4.o
 .bss.xFreeBytesRemaining
                0x20012e6c        0x4 ./thirdparty/FreeRTOS/portable/MemMang/heap_4.o
 .bss.xMinimumEverFreeBytesRemaining
                0x20012e70        0x4 ./thirdparty/FreeRTOS/portable/MemMang/heap_4.o
 .bss.xNumberOfSuccessfulAllocations
                0x20012e74        0x4 ./thirdparty/FreeRTOS/portable/MemMang/heap_4.o
 .bss.xNumberOfSuccessfulFrees
                0x20012e78        0x4 ./thirdparty/FreeRTOS/portable/MemMang/heap_4.o
 .bss.xBlockAllocatedBit
                0x20012e7c        0x4 ./thirdparty/FreeRTOS/portable/MemMang/heap_4.o
 .bss._aTasks   0x20012e80       0xa0 ./thirdparty/SEGGER/OS/SEGGER_SYSVIEW_FreeRTOS.o
 .bss._NumTasks
                0x20012f20        0x4 ./thirdparty/SEGGER/OS/SEGGER_SYSVIEW_FreeRTOS.o
 .bss._SEGGER_RTT
                0x20012f24       0xa8 ./thirdparty/SEGGER/SEGGER/SEGGER_RTT.o
                0x20012f24                _SEGGER_RTT
 .bss._acUpBuffer
                0x20012fcc      0x400 ./thirdparty/SEGGER/SEGGER/SEGGER_RTT.o
 .bss._acDownBuffer
                0x200133cc       0x10 ./thirdparty/SEGGER/SEGGER/SEGGER_RTT.o
 .bss._UpBuffer
                0x200133dc     0x1000 ./thirdparty/SEGGER/SEGGER/SEGGER_SYSVIEW.o
 .bss._DownBuffer
                0x200143dc        0x8 ./thirdparty/SEGGER/SEGGER/SEGGER_SYSVIEW.o
 .bss._SYSVIEW_Globals
                0x200143e4       0x28 ./thirdparty/SEGGER/SEGGER/SEGGER_SYSVIEW.o
 .bss._pFirstModule
                0x2001440c        0x4 ./thirdparty/SEGGER/SEGGER/SEGGER_SYSVIEW.o
 .bss._NumModules
                0x20014410        0x1 ./thirdparty/SEGGER/SEGGER/SEGGER_SYSVIEW.o
 *fill*         0x20014411        0x3 
 .bss._aPacket  0x20014414       0xe3 ./thirdparty/SEGGER/SEGGER/SEGGER_SYSVIEW.o
 *fill*         0x200144f7        0x1 
 .bss.__sf      0x200144f8      0x138 C:/ST/STM32CubeIDE_1.16.0/STM32CubeIDE/plugins/com.st.stm32cube.ide.mcu.externaltools.gnu-tools-for-stm32.12.3.rel1.win32_1.0.200.202406191623/tools/bin/../lib/gcc/arm-none-eabi/12.3.1/../../../../arm-none-eabi/lib/thumb/v7e-m+fp/hard\libc_nano.a(libc_a-findfp.o)
                0x200144f8                __sf
 .bss.__stdio_exit_handler
                0x20014630        0x4 C:/ST/STM32CubeIDE_1.16.0/STM32CubeIDE/plugins/com.st.stm32cube.ide.mcu.externaltools.gnu-tools-for-stm32.12.3.rel1.win32_1.0.200.202406191623/tools/bin/../lib/gcc/arm-none-eabi/12.3.1/../../../../arm-none-eabi/lib/thumb/v7e-m+fp/hard\libc_nano.a(libc_a-findfp.o)
                0x20014630                __stdio_exit_handler
 .bss.errno     0x20014634        0x4 C:/ST/STM32CubeIDE_1.16.0/STM32CubeIDE/plugins/com.st.stm32cube.ide.mcu.externaltools.gnu-tools-for-stm32.12.3.rel1.win32_1.0.200.202406191623/tools/bin/../lib/gcc/arm-none-eabi/12.3.1/../../../../arm-none-eabi/lib/thumb/v7e-m+fp/hard\libc_nano.a(libc_a-reent.o)
                0x20014634                errno
 .bss.__lock___malloc_recursive_mutex
                0x20014638        0x1 C:/ST/STM32CubeIDE_1.16.0/STM32CubeIDE/plugins/com.st.stm32cube.ide.mcu.externaltools.gnu-tools-for-stm32.12.3.rel1.win32_1.0.200.202406191623/tools/bin/../lib/gcc/arm-none-eabi/12.3.1/../../../../arm-none-eabi/lib/thumb/v7e-m+fp/hard\libc_nano.a(libc_a-lock.o)
                0x20014638                __lock___malloc_recursive_mutex
 .bss.__lock___sfp_recursive_mutex
                0x20014639        0x1 C:/ST/STM32CubeIDE_1.16.0/STM32CubeIDE/plugins/com.st.stm32cube.ide.mcu.externaltools.gnu-tools-for-stm32.12.3.rel1.win32_1.0.200.202406191623/tools/bin/../lib/gcc/arm-none-eabi/12.3.1/../../../../arm-none-eabi/lib/thumb/v7e-m+fp/hard\libc_nano.a(libc_a-lock.o)
                0x20014639                __lock___sfp_recursive_mutex
 *fill*         0x2001463a        0x2 
 .bss.__malloc_sbrk_start
                0x2001463c        0x4 C:/ST/STM32CubeIDE_1.16.0/STM32CubeIDE/plugins/com.st.stm32cube.ide.mcu.externaltools.gnu-tools-for-stm32.12.3.rel1.win32_1.0.200.202406191623/tools/bin/../lib/gcc/arm-none-eabi/12.3.1/../../../../arm-none-eabi/lib/thumb/v7e-m+fp/hard\libc_nano.a(libc_a-mallocr.o)
                0x2001463c                __malloc_sbrk_start
 .bss.__malloc_free_list
                0x20014640        0x4 C:/ST/STM32CubeIDE_1.16.0/STM32CubeIDE/plugins/com.st.stm32cube.ide.mcu.externaltools.gnu-tools-for-stm32.12.3.rel1.win32_1.0.200.202406191623/tools/bin/../lib/gcc/arm-none-eabi/12.3.1/../../../../arm-none-eabi/lib/thumb/v7e-m+fp/hard\libc_nano.a(libc_a-mallocr.o)
                0x20014640                __malloc_free_list
 .bss.heap_end.0
                0x20014644        0x4 C:/ST/STM32CubeIDE_1.16.0/STM32CubeIDE/plugins/com.st.stm32cube.ide.mcu.externaltools.gnu-tools-for-stm32.12.3.rel1.win32_1.0.200.202406191623/tools/bin/../lib/gcc/arm-none-eabi/12.3.1/../../../../arm-none-eabi/lib/thumb/v7e-m+fp/hard\libnosys.a(sbrk.o)
 *(COMMON)
                0x20014648                        . = ALIGN (0x4)
                0x20014648                        _ebss = .
                0x20014648                        __bss_end__ = _ebss

._user_heap_stack
                0x20014648      0x600 load address 0x080074c8
                0x20014648                        . = ALIGN (0x8)
                0x20014648                        PROVIDE (end = .)
                [!provide]                        PROVIDE (_end = .)
                0x20014848                        . = (. + _Min_Heap_Size)
 *fill*         0x20014648      0x200 
                0x20014c48                        . = (. + _Min_Stack_Size)
 *fill*         0x20014848      0x400 
                0x20014c48                        . = ALIGN (0x8)

/DISCARD/
 libc.a(*)
 libm.a(*)
 libgcc.a(*)

.ARM.attributes
                0x00000000       0x30
 *(.ARM.attributes)
 .ARM.attributes
                0x00000000       0x22 C:/ST/STM32CubeIDE_1.16.0/STM32CubeIDE/plugins/com.st.stm32cube.ide.mcu.externaltools.gnu-tools-for-stm32.12.3.rel1.win32_1.0.200.202406191623/tools/bin/../lib/gcc/arm-none-eabi/12.3.1/thumb/v7e-m+fp/hard/crti.o
 .ARM.attributes
                0x00000022       0x34 C:/ST/STM32CubeIDE_1.16.0/STM32CubeIDE/plugins/com.st.stm32cube.ide.mcu.externaltools.gnu-tools-for-stm32.12.3.rel1.win32_1.0.200.202406191623/tools/bin/../lib/gcc/arm-none-eabi/12.3.1/thumb/v7e-m+fp/hard/crtbegin.o
 .ARM.attributes
                0x00000056       0x34 ./Core/Src/main.o
 .ARM.attributes
                0x0000008a       0x34 ./Core/Src/stm32f4xx_hal_msp.o
 .ARM.attributes
                0x000000be       0x34 ./Core/Src/stm32f4xx_hal_timebase_tim.o
 .ARM.attributes
                0x000000f2       0x34 ./Core/Src/stm32f4xx_it.o
 .ARM.attributes
                0x00000126       0x34 ./Core/Src/syscalls.o
 .ARM.attributes
                0x0000015a       0x34 ./Core/Src/system_stm32f4xx.o
 .ARM.attributes
                0x0000018e       0x21 ./Core/Startup/startup_stm32f446retx.o
 .ARM.attributes
                0x000001af       0x34 ./Drivers/STM32F4xx_HAL_Driver/Src/stm32f4xx_hal.o
 .ARM.attributes
                0x000001e3       0x34 ./Drivers/STM32F4xx_HAL_Driver/Src/stm32f4xx_hal_cortex.o
 .ARM.attributes
                0x00000217       0x34 ./Drivers/STM32F4xx_HAL_Driver/Src/stm32f4xx_hal_gpio.o
 .ARM.attributes
                0x0000024b       0x34 ./Drivers/STM32F4xx_HAL_Driver/Src/stm32f4xx_hal_rcc.o
 .ARM.attributes
                0x0000027f       0x34 ./Drivers/STM32F4xx_HAL_Driver/Src/stm32f4xx_hal_rcc_ex.o
 .ARM.attributes
                0x000002b3       0x34 ./Drivers/STM32F4xx_HAL_Driver/Src/stm32f4xx_hal_tim.o
 .ARM.attributes
                0x000002e7       0x34 ./Drivers/STM32F4xx_HAL_Driver/Src/stm32f4xx_hal_tim_ex.o
 .ARM.attributes
                0x0000031b       0x34 ./thirdparty/FreeRTOS/list.o
 .ARM.attributes
                0x0000034f       0x34 ./thirdparty/FreeRTOS/queue.o
 .ARM.attributes
                0x00000383       0x34 ./thirdparty/FreeRTOS/tasks.o
 .ARM.attributes
                0x000003b7       0x34 ./thirdparty/FreeRTOS/timers.o
 .ARM.attributes
                0x000003eb       0x34 ./thirdparty/FreeRTOS/portable/GCC/ARM_CM4F/port.o
 .ARM.attributes
                0x0000041f       0x34 ./thirdparty/FreeRTOS/portable/MemMang/heap_4.o
 .ARM.attributes
                0x00000453       0x34 ./thirdparty/SEGGER/Config/SEGGER_SYSVIEW_Config_FreeRTOS.o
 .ARM.attributes
                0x00000487       0x34 ./thirdparty/SEGGER/OS/SEGGER_SYSVIEW_FreeRTOS.o
 .ARM.attributes
                0x000004bb       0x34 ./thirdparty/SEGGER/SEGGER/SEGGER_RTT.o
 .ARM.attributes
                0x000004ef       0x20 ./thirdparty/SEGGER/SEGGER/SEGGER_RTT_ASM_ARMv7M.o
 .ARM.attributes
                0x0000050f       0x34 ./thirdparty/SEGGER/SEGGER/SEGGER_SYSVIEW.o
 .ARM.attributes
                0x00000543       0x34 ./thirdparty/SEGGER/SEGGER/Syscalls/SEGGER_RTT_Syscalls_GCC.o
 .ARM.attributes
                0x00000577       0x34 C:/ST/STM32CubeIDE_1.16.0/STM32CubeIDE/plugins/com.st.stm32cube.ide.mcu.externaltools.gnu-tools-for-stm32.12.3.rel1.win32_1.0.200.202406191623/tools/bin/../lib/gcc/arm-none-eabi/12.3.1/../../../../arm-none-eabi/lib/thumb/v7e-m+fp/hard\libc_nano.a(libc_a-findfp.o)
 .ARM.attributes
                0x000005ab       0x34 C:/ST/STM32CubeIDE_1.16.0/STM32CubeIDE/plugins/com.st.stm32cube.ide.mcu.externaltools.gnu-tools-for-stm32.12.3.rel1.win32_1.0.200.202406191623/tools/bin/../lib/gcc/arm-none-eabi/12.3.1/../../../../arm-none-eabi/lib/thumb/v7e-m+fp/hard\libc_nano.a(libc_a-fwalk.o)
 .ARM.attributes
                0x000005df       0x34 C:/ST/STM32CubeIDE_1.16.0/STM32CubeIDE/plugins/com.st.stm32cube.ide.mcu.externaltools.gnu-tools-for-stm32.12.3.rel1.win32_1.0.200.202406191623/tools/bin/../lib/gcc/arm-none-eabi/12.3.1/../../../../arm-none-eabi/lib/thumb/v7e-m+fp/hard\libc_nano.a(libc_a-puts.o)
 .ARM.attributes
                0x00000613       0x34 C:/ST/STM32CubeIDE_1.16.0/STM32CubeIDE/plugins/com.st.stm32cube.ide.mcu.externaltools.gnu-tools-for-stm32.12.3.rel1.win32_1.0.200.202406191623/tools/bin/../lib/gcc/arm-none-eabi/12.3.1/../../../../arm-none-eabi/lib/thumb/v7e-m+fp/hard\libc_nano.a(libc_a-stdio.o)
 .ARM.attributes
                0x00000647       0x34 C:/ST/STM32CubeIDE_1.16.0/STM32CubeIDE/plugins/com.st.stm32cube.ide.mcu.externaltools.gnu-tools-for-stm32.12.3.rel1.win32_1.0.200.202406191623/tools/bin/../lib/gcc/arm-none-eabi/12.3.1/../../../../arm-none-eabi/lib/thumb/v7e-m+fp/hard\libc_nano.a(libc_a-wbuf.o)
 .ARM.attributes
                0x0000067b       0x34 C:/ST/STM32CubeIDE_1.16.0/STM32CubeIDE/plugins/com.st.stm32cube.ide.mcu.externaltools.gnu-tools-for-stm32.12.3.rel1.win32_1.0.200.202406191623/tools/bin/../lib/gcc/arm-none-eabi/12.3.1/../../../../arm-none-eabi/lib/thumb/v7e-m+fp/hard\libc_nano.a(libc_a-wsetup.o)
 .ARM.attributes
                0x000006af       0x34 C:/ST/STM32CubeIDE_1.16.0/STM32CubeIDE/plugins/com.st.stm32cube.ide.mcu.externaltools.gnu-tools-for-stm32.12.3.rel1.win32_1.0.200.202406191623/tools/bin/../lib/gcc/arm-none-eabi/12.3.1/../../../../arm-none-eabi/lib/thumb/v7e-m+fp/hard\libc_nano.a(libc_a-memcmp.o)
 .ARM.attributes
                0x000006e3       0x34 C:/ST/STM32CubeIDE_1.16.0/STM32CubeIDE/plugins/com.st.stm32cube.ide.mcu.externaltools.gnu-tools-for-stm32.12.3.rel1.win32_1.0.200.202406191623/tools/bin/../lib/gcc/arm-none-eabi/12.3.1/../../../../arm-none-eabi/lib/thumb/v7e-m+fp/hard\libc_nano.a(libc_a-memset.o)
 .ARM.attributes
                0x00000717       0x34 C:/ST/STM32CubeIDE_1.16.0/STM32CubeIDE/plugins/com.st.stm32cube.ide.mcu.externaltools.gnu-tools-for-stm32.12.3.rel1.win32_1.0.200.202406191623/tools/bin/../lib/gcc/arm-none-eabi/12.3.1/../../../../arm-none-eabi/lib/thumb/v7e-m+fp/hard\libc_nano.a(libc_a-closer.o)
 .ARM.attributes
                0x0000074b       0x34 C:/ST/STM32CubeIDE_1.16.0/STM32CubeIDE/plugins/com.st.stm32cube.ide.mcu.externaltools.gnu-tools-for-stm32.12.3.rel1.win32_1.0.200.202406191623/tools/bin/../lib/gcc/arm-none-eabi/12.3.1/../../../../arm-none-eabi/lib/thumb/v7e-m+fp/hard\libc_nano.a(libc_a-reent.o)
 .ARM.attributes
                0x0000077f       0x34 C:/ST/STM32CubeIDE_1.16.0/STM32CubeIDE/plugins/com.st.stm32cube.ide.mcu.externaltools.gnu-tools-for-stm32.12.3.rel1.win32_1.0.200.202406191623/tools/bin/../lib/gcc/arm-none-eabi/12.3.1/../../../../arm-none-eabi/lib/thumb/v7e-m+fp/hard\libc_nano.a(libc_a-impure.o)
 .ARM.attributes
                0x000007b3       0x34 C:/ST/STM32CubeIDE_1.16.0/STM32CubeIDE/plugins/com.st.stm32cube.ide.mcu.externaltools.gnu-tools-for-stm32.12.3.rel1.win32_1.0.200.202406191623/tools/bin/../lib/gcc/arm-none-eabi/12.3.1/../../../../arm-none-eabi/lib/thumb/v7e-m+fp/hard\libc_nano.a(libc_a-lseekr.o)
 .ARM.attributes
                0x000007e7       0x34 C:/ST/STM32CubeIDE_1.16.0/STM32CubeIDE/plugins/com.st.stm32cube.ide.mcu.externaltools.gnu-tools-for-stm32.12.3.rel1.win32_1.0.200.202406191623/tools/bin/../lib/gcc/arm-none-eabi/12.3.1/../../../../arm-none-eabi/lib/thumb/v7e-m+fp/hard\libc_nano.a(libc_a-readr.o)
 .ARM.attributes
                0x0000081b       0x34 C:/ST/STM32CubeIDE_1.16.0/STM32CubeIDE/plugins/com.st.stm32cube.ide.mcu.externaltools.gnu-tools-for-stm32.12.3.rel1.win32_1.0.200.202406191623/tools/bin/../lib/gcc/arm-none-eabi/12.3.1/../../../../arm-none-eabi/lib/thumb/v7e-m+fp/hard\libc_nano.a(libc_a-init.o)
 .ARM.attributes
                0x0000084f       0x34 C:/ST/STM32CubeIDE_1.16.0/STM32CubeIDE/plugins/com.st.stm32cube.ide.mcu.externaltools.gnu-tools-for-stm32.12.3.rel1.win32_1.0.200.202406191623/tools/bin/../lib/gcc/arm-none-eabi/12.3.1/../../../../arm-none-eabi/lib/thumb/v7e-m+fp/hard\libc_nano.a(libc_a-lock.o)
 .ARM.attributes
                0x00000883       0x34 C:/ST/STM32CubeIDE_1.16.0/STM32CubeIDE/plugins/com.st.stm32cube.ide.mcu.externaltools.gnu-tools-for-stm32.12.3.rel1.win32_1.0.200.202406191623/tools/bin/../lib/gcc/arm-none-eabi/12.3.1/../../../../arm-none-eabi/lib/thumb/v7e-m+fp/hard\libc_nano.a(libc_a-memcpy-stub.o)
 .ARM.attributes
                0x000008b7       0x34 C:/ST/STM32CubeIDE_1.16.0/STM32CubeIDE/plugins/com.st.stm32cube.ide.mcu.externaltools.gnu-tools-for-stm32.12.3.rel1.win32_1.0.200.202406191623/tools/bin/../lib/gcc/arm-none-eabi/12.3.1/../../../../arm-none-eabi/lib/thumb/v7e-m+fp/hard\libc_nano.a(libc_a-freer.o)
 .ARM.attributes
                0x000008eb       0x34 C:/ST/STM32CubeIDE_1.16.0/STM32CubeIDE/plugins/com.st.stm32cube.ide.mcu.externaltools.gnu-tools-for-stm32.12.3.rel1.win32_1.0.200.202406191623/tools/bin/../lib/gcc/arm-none-eabi/12.3.1/../../../../arm-none-eabi/lib/thumb/v7e-m+fp/hard\libc_nano.a(libc_a-mallocr.o)
 .ARM.attributes
                0x0000091f       0x34 C:/ST/STM32CubeIDE_1.16.0/STM32CubeIDE/plugins/com.st.stm32cube.ide.mcu.externaltools.gnu-tools-for-stm32.12.3.rel1.win32_1.0.200.202406191623/tools/bin/../lib/gcc/arm-none-eabi/12.3.1/../../../../arm-none-eabi/lib/thumb/v7e-m+fp/hard\libc_nano.a(libc_a-mlock.o)
 .ARM.attributes
                0x00000953       0x34 C:/ST/STM32CubeIDE_1.16.0/STM32CubeIDE/plugins/com.st.stm32cube.ide.mcu.externaltools.gnu-tools-for-stm32.12.3.rel1.win32_1.0.200.202406191623/tools/bin/../lib/gcc/arm-none-eabi/12.3.1/../../../../arm-none-eabi/lib/thumb/v7e-m+fp/hard\libc_nano.a(libc_a-fflush.o)
 .ARM.attributes
                0x00000987       0x34 C:/ST/STM32CubeIDE_1.16.0/STM32CubeIDE/plugins/com.st.stm32cube.ide.mcu.externaltools.gnu-tools-for-stm32.12.3.rel1.win32_1.0.200.202406191623/tools/bin/../lib/gcc/arm-none-eabi/12.3.1/../../../../arm-none-eabi/lib/thumb/v7e-m+fp/hard\libc_nano.a(libc_a-makebuf.o)
 .ARM.attributes
                0x000009bb       0x34 C:/ST/STM32CubeIDE_1.16.0/STM32CubeIDE/plugins/com.st.stm32cube.ide.mcu.externaltools.gnu-tools-for-stm32.12.3.rel1.win32_1.0.200.202406191623/tools/bin/../lib/gcc/arm-none-eabi/12.3.1/../../../../arm-none-eabi/lib/thumb/v7e-m+fp/hard\libc_nano.a(libc_a-fstatr.o)
 .ARM.attributes
                0x000009ef       0x34 C:/ST/STM32CubeIDE_1.16.0/STM32CubeIDE/plugins/com.st.stm32cube.ide.mcu.externaltools.gnu-tools-for-stm32.12.3.rel1.win32_1.0.200.202406191623/tools/bin/../lib/gcc/arm-none-eabi/12.3.1/../../../../arm-none-eabi/lib/thumb/v7e-m+fp/hard\libc_nano.a(libc_a-isattyr.o)
 .ARM.attributes
                0x00000a23       0x34 C:/ST/STM32CubeIDE_1.16.0/STM32CubeIDE/plugins/com.st.stm32cube.ide.mcu.externaltools.gnu-tools-for-stm32.12.3.rel1.win32_1.0.200.202406191623/tools/bin/../lib/gcc/arm-none-eabi/12.3.1/../../../../arm-none-eabi/lib/thumb/v7e-m+fp/hard\libc_nano.a(libc_a-sbrkr.o)
 .ARM.attributes
                0x00000a57       0x22 C:/ST/STM32CubeIDE_1.16.0/STM32CubeIDE/plugins/com.st.stm32cube.ide.mcu.externaltools.gnu-tools-for-stm32.12.3.rel1.win32_1.0.200.202406191623/tools/bin/../lib/gcc/arm-none-eabi/12.3.1/thumb/v7e-m+fp/hard\libgcc.a(_aeabi_uldivmod.o)
 .ARM.attributes
                0x00000a79       0x34 C:/ST/STM32CubeIDE_1.16.0/STM32CubeIDE/plugins/com.st.stm32cube.ide.mcu.externaltools.gnu-tools-for-stm32.12.3.rel1.win32_1.0.200.202406191623/tools/bin/../lib/gcc/arm-none-eabi/12.3.1/thumb/v7e-m+fp/hard\libgcc.a(_udivmoddi4.o)
 .ARM.attributes
                0x00000aad       0x22 C:/ST/STM32CubeIDE_1.16.0/STM32CubeIDE/plugins/com.st.stm32cube.ide.mcu.externaltools.gnu-tools-for-stm32.12.3.rel1.win32_1.0.200.202406191623/tools/bin/../lib/gcc/arm-none-eabi/12.3.1/thumb/v7e-m+fp/hard\libgcc.a(_dvmd_tls.o)
 .ARM.attributes
                0x00000acf       0x34 C:/ST/STM32CubeIDE_1.16.0/STM32CubeIDE/plugins/com.st.stm32cube.ide.mcu.externaltools.gnu-tools-for-stm32.12.3.rel1.win32_1.0.200.202406191623/tools/bin/../lib/gcc/arm-none-eabi/12.3.1/../../../../arm-none-eabi/lib/thumb/v7e-m+fp/hard\libnosys.a(sbrk.o)
 .ARM.attributes
                0x00000b03       0x22 C:/ST/STM32CubeIDE_1.16.0/STM32CubeIDE/plugins/com.st.stm32cube.ide.mcu.externaltools.gnu-tools-for-stm32.12.3.rel1.win32_1.0.200.202406191623/tools/bin/../lib/gcc/arm-none-eabi/12.3.1/thumb/v7e-m+fp/hard/crtn.o
OUTPUT(FreeRTOS_projects.elf elf32-littlearm)
LOAD linker stubs
LOAD C:/ST/STM32CubeIDE_1.16.0/STM32CubeIDE/plugins/com.st.stm32cube.ide.mcu.externaltools.gnu-tools-for-stm32.12.3.rel1.win32_1.0.200.202406191623/tools/bin/../lib/gcc/arm-none-eabi/12.3.1/../../../../arm-none-eabi/lib/thumb/v7e-m+fp/hard\libc.a
LOAD C:/ST/STM32CubeIDE_1.16.0/STM32CubeIDE/plugins/com.st.stm32cube.ide.mcu.externaltools.gnu-tools-for-stm32.12.3.rel1.win32_1.0.200.202406191623/tools/bin/../lib/gcc/arm-none-eabi/12.3.1/../../../../arm-none-eabi/lib/thumb/v7e-m+fp/hard\libm.a
LOAD C:/ST/STM32CubeIDE_1.16.0/STM32CubeIDE/plugins/com.st.stm32cube.ide.mcu.externaltools.gnu-tools-for-stm32.12.3.rel1.win32_1.0.200.202406191623/tools/bin/../lib/gcc/arm-none-eabi/12.3.1/thumb/v7e-m+fp/hard\libgcc.a

.debug_info     0x00000000    0x15b25
 .debug_info    0x00000000      0xe73 ./Core/Src/main.o
 .debug_info    0x00000e73      0x2b9 ./Core/Src/stm32f4xx_hal_msp.o
 .debug_info    0x0000112c      0xc44 ./Core/Src/stm32f4xx_hal_timebase_tim.o
 .debug_info    0x00001d70      0x6ab ./Core/Src/stm32f4xx_it.o
 .debug_info    0x0000241b      0x6d1 ./Core/Src/syscalls.o
 .debug_info    0x00002aec      0x54a ./Core/Src/system_stm32f4xx.o
 .debug_info    0x00003036       0x30 ./Core/Startup/startup_stm32f446retx.o
 .debug_info    0x00003066      0x99a ./Drivers/STM32F4xx_HAL_Driver/Src/stm32f4xx_hal.o
 .debug_info    0x00003a00      0xdaa ./Drivers/STM32F4xx_HAL_Driver/Src/stm32f4xx_hal_cortex.o
 .debug_info    0x000047aa      0x70b ./Drivers/STM32F4xx_HAL_Driver/Src/stm32f4xx_hal_gpio.o
 .debug_info    0x00004eb5      0x8ff ./Drivers/STM32F4xx_HAL_Driver/Src/stm32f4xx_hal_rcc.o
 .debug_info    0x000057b4      0x960 ./Drivers/STM32F4xx_HAL_Driver/Src/stm32f4xx_hal_rcc_ex.o
 .debug_info    0x00006114     0x299d ./Drivers/STM32F4xx_HAL_Driver/Src/stm32f4xx_hal_tim.o
 .debug_info    0x00008ab1     0x14db ./Drivers/STM32F4xx_HAL_Driver/Src/stm32f4xx_hal_tim_ex.o
 .debug_info    0x00009f8c      0x2b6 ./thirdparty/FreeRTOS/list.o
 .debug_info    0x0000a242     0x187f ./thirdparty/FreeRTOS/queue.o
 .debug_info    0x0000bac1     0x21fd ./thirdparty/FreeRTOS/tasks.o
 .debug_info    0x0000dcbe      0xe54 ./thirdparty/FreeRTOS/timers.o
 .debug_info    0x0000eb12      0x5a4 ./thirdparty/FreeRTOS/portable/GCC/ARM_CM4F/port.o
 .debug_info    0x0000f0b6      0x4dc ./thirdparty/FreeRTOS/portable/MemMang/heap_4.o
 .debug_info    0x0000f592      0x181 ./thirdparty/SEGGER/Config/SEGGER_SYSVIEW_Config_FreeRTOS.o
 .debug_info    0x0000f713      0x426 ./thirdparty/SEGGER/OS/SEGGER_SYSVIEW_FreeRTOS.o
 .debug_info    0x0000fb39     0x14d5 ./thirdparty/SEGGER/SEGGER/SEGGER_RTT.o
 .debug_info    0x0001100e       0x25 ./thirdparty/SEGGER/SEGGER/SEGGER_RTT_ASM_ARMv7M.o
 .debug_info    0x00011033     0x434a ./thirdparty/SEGGER/SEGGER/SEGGER_SYSVIEW.o
 .debug_info    0x0001537d      0x7a8 ./thirdparty/SEGGER/SEGGER/Syscalls/SEGGER_RTT_Syscalls_GCC.o

.debug_abbrev   0x00000000     0x33e0
 .debug_abbrev  0x00000000      0x2d6 ./Core/Src/main.o
 .debug_abbrev  0x000002d6       0xf4 ./Core/Src/stm32f4xx_hal_msp.o
 .debug_abbrev  0x000003ca      0x1f4 ./Core/Src/stm32f4xx_hal_timebase_tim.o
 .debug_abbrev  0x000005be      0x17d ./Core/Src/stm32f4xx_it.o
 .debug_abbrev  0x0000073b      0x1b1 ./Core/Src/syscalls.o
 .debug_abbrev  0x000008ec      0x11a ./Core/Src/system_stm32f4xx.o
 .debug_abbrev  0x00000a06       0x24 ./Core/Startup/startup_stm32f446retx.o
 .debug_abbrev  0x00000a2a      0x214 ./Drivers/STM32F4xx_HAL_Driver/Src/stm32f4xx_hal.o
 .debug_abbrev  0x00000c3e      0x31d ./Drivers/STM32F4xx_HAL_Driver/Src/stm32f4xx_hal_cortex.o
 .debug_abbrev  0x00000f5b      0x1d4 ./Drivers/STM32F4xx_HAL_Driver/Src/stm32f4xx_hal_gpio.o
 .debug_abbrev  0x0000112f      0x2b7 ./Drivers/STM32F4xx_HAL_Driver/Src/stm32f4xx_hal_rcc.o
 .debug_abbrev  0x000013e6      0x211 ./Drivers/STM32F4xx_HAL_Driver/Src/stm32f4xx_hal_rcc_ex.o
 .debug_abbrev  0x000015f7      0x278 ./Drivers/STM32F4xx_HAL_Driver/Src/stm32f4xx_hal_tim.o
 .debug_abbrev  0x0000186f      0x283 ./Drivers/STM32F4xx_HAL_Driver/Src/stm32f4xx_hal_tim_ex.o
 .debug_abbrev  0x00001af2       0xf5 ./thirdparty/FreeRTOS/list.o
 .debug_abbrev  0x00001be7      0x321 ./thirdparty/FreeRTOS/queue.o
 .debug_abbrev  0x00001f08      0x3a6 ./thirdparty/FreeRTOS/tasks.o
 .debug_abbrev  0x000022ae      0x2de ./thirdparty/FreeRTOS/timers.o
 .debug_abbrev  0x0000258c      0x25a ./thirdparty/FreeRTOS/portable/GCC/ARM_CM4F/port.o
 .debug_abbrev  0x000027e6      0x21e ./thirdparty/FreeRTOS/portable/MemMang/heap_4.o
 .debug_abbrev  0x00002a04       0xee ./thirdparty/SEGGER/Config/SEGGER_SYSVIEW_Config_FreeRTOS.o
 .debug_abbrev  0x00002af2      0x1c0 ./thirdparty/SEGGER/OS/SEGGER_SYSVIEW_FreeRTOS.o
 .debug_abbrev  0x00002cb2      0x230 ./thirdparty/SEGGER/SEGGER/SEGGER_RTT.o
 .debug_abbrev  0x00002ee2       0x14 ./thirdparty/SEGGER/SEGGER/SEGGER_RTT_ASM_ARMv7M.o
 .debug_abbrev  0x00002ef6      0x340 ./thirdparty/SEGGER/SEGGER/SEGGER_SYSVIEW.o
 .debug_abbrev  0x00003236      0x1aa ./thirdparty/SEGGER/SEGGER/Syscalls/SEGGER_RTT_Syscalls_GCC.o

.debug_aranges  0x00000000     0x14b0
 .debug_aranges
                0x00000000       0x50 ./Core/Src/main.o
 .debug_aranges
                0x00000050       0x20 ./Core/Src/stm32f4xx_hal_msp.o
 .debug_aranges
                0x00000070       0x30 ./Core/Src/stm32f4xx_hal_timebase_tim.o
 .debug_aranges
                0x000000a0       0x50 ./Core/Src/stm32f4xx_it.o
 .debug_aranges
                0x000000f0       0xb0 ./Core/Src/syscalls.o
 .debug_aranges
                0x000001a0       0x28 ./Core/Src/system_stm32f4xx.o
 .debug_aranges
                0x000001c8       0x28 ./Core/Startup/startup_stm32f446retx.o
 .debug_aranges
                0x000001f0       0xf0 ./Drivers/STM32F4xx_HAL_Driver/Src/stm32f4xx_hal.o
 .debug_aranges
                0x000002e0      0x130 ./Drivers/STM32F4xx_HAL_Driver/Src/stm32f4xx_hal_cortex.o
 .debug_aranges
                0x00000410       0x58 ./Drivers/STM32F4xx_HAL_Driver/Src/stm32f4xx_hal_gpio.o
 .debug_aranges
                0x00000468       0x88 ./Drivers/STM32F4xx_HAL_Driver/Src/stm32f4xx_hal_rcc.o
 .debug_aranges
                0x000004f0       0x78 ./Drivers/STM32F4xx_HAL_Driver/Src/stm32f4xx_hal_rcc_ex.o
 .debug_aranges
                0x00000568      0x3d0 ./Drivers/STM32F4xx_HAL_Driver/Src/stm32f4xx_hal_tim.o
 .debug_aranges
                0x00000938      0x168 ./Drivers/STM32F4xx_HAL_Driver/Src/stm32f4xx_hal_tim_ex.o
 .debug_aranges
                0x00000aa0       0x40 ./thirdparty/FreeRTOS/list.o
 .debug_aranges
                0x00000ae0      0x130 ./thirdparty/FreeRTOS/queue.o
 .debug_aranges
                0x00000c10      0x1f8 ./thirdparty/FreeRTOS/tasks.o
 .debug_aranges
                0x00000e08       0xd8 ./thirdparty/FreeRTOS/timers.o
 .debug_aranges
                0x00000ee0       0x88 ./thirdparty/FreeRTOS/portable/GCC/ARM_CM4F/port.o
 .debug_aranges
                0x00000f68       0x58 ./thirdparty/FreeRTOS/portable/MemMang/heap_4.o
 .debug_aranges
                0x00000fc0       0x28 ./thirdparty/SEGGER/Config/SEGGER_SYSVIEW_Config_FreeRTOS.o
 .debug_aranges
                0x00000fe8       0x48 ./thirdparty/SEGGER/OS/SEGGER_SYSVIEW_FreeRTOS.o
 .debug_aranges
                0x00001030      0x138 ./thirdparty/SEGGER/SEGGER/SEGGER_RTT.o
 .debug_aranges
                0x00001168       0x20 ./thirdparty/SEGGER/SEGGER/SEGGER_RTT_ASM_ARMv7M.o
 .debug_aranges
                0x00001188      0x300 ./thirdparty/SEGGER/SEGGER/SEGGER_SYSVIEW.o
 .debug_aranges
                0x00001488       0x28 ./thirdparty/SEGGER/SEGGER/Syscalls/SEGGER_RTT_Syscalls_GCC.o

.debug_rnglists
                0x00000000      0xfde
 .debug_rnglists
                0x00000000       0x3a ./Core/Src/main.o
 .debug_rnglists
                0x0000003a       0x13 ./Core/Src/stm32f4xx_hal_msp.o
 .debug_rnglists
                0x0000004d       0x20 ./Core/Src/stm32f4xx_hal_timebase_tim.o
 .debug_rnglists
                0x0000006d       0x37 ./Core/Src/stm32f4xx_it.o
 .debug_rnglists
                0x000000a4       0x7f ./Core/Src/syscalls.o
 .debug_rnglists
                0x00000123       0x1a ./Core/Src/system_stm32f4xx.o
 .debug_rnglists
                0x0000013d       0x19 ./Core/Startup/startup_stm32f446retx.o
 .debug_rnglists
                0x00000156       0xaf ./Drivers/STM32F4xx_HAL_Driver/Src/stm32f4xx_hal.o
 .debug_rnglists
                0x00000205       0xe0 ./Drivers/STM32F4xx_HAL_Driver/Src/stm32f4xx_hal_cortex.o
 .debug_rnglists
                0x000002e5       0x3f ./Drivers/STM32F4xx_HAL_Driver/Src/stm32f4xx_hal_gpio.o
 .debug_rnglists
                0x00000324       0x66 ./Drivers/STM32F4xx_HAL_Driver/Src/stm32f4xx_hal_rcc.o
 .debug_rnglists
                0x0000038a       0x5e ./Drivers/STM32F4xx_HAL_Driver/Src/stm32f4xx_hal_rcc_ex.o
 .debug_rnglists
                0x000003e8      0x31a ./Drivers/STM32F4xx_HAL_Driver/Src/stm32f4xx_hal_tim.o
 .debug_rnglists
                0x00000702      0x125 ./Drivers/STM32F4xx_HAL_Driver/Src/stm32f4xx_hal_tim_ex.o
 .debug_rnglists
                0x00000827       0x2b ./thirdparty/FreeRTOS/list.o
 .debug_rnglists
                0x00000852       0xeb ./thirdparty/FreeRTOS/queue.o
 .debug_rnglists
                0x0000093d      0x193 ./thirdparty/FreeRTOS/tasks.o
 .debug_rnglists
                0x00000ad0       0xa3 ./thirdparty/FreeRTOS/timers.o
 .debug_rnglists
                0x00000b73       0x64 ./thirdparty/FreeRTOS/portable/GCC/ARM_CM4F/port.o
 .debug_rnglists
                0x00000bd7       0x42 ./thirdparty/FreeRTOS/portable/MemMang/heap_4.o
 .debug_rnglists
                0x00000c19       0x19 ./thirdparty/SEGGER/Config/SEGGER_SYSVIEW_Config_FreeRTOS.o
 .debug_rnglists
                0x00000c32       0x36 ./thirdparty/SEGGER/OS/SEGGER_SYSVIEW_FreeRTOS.o
 .debug_rnglists
                0x00000c68       0xf5 ./thirdparty/SEGGER/SEGGER/SEGGER_RTT.o
 .debug_rnglists
                0x00000d5d      0x268 ./thirdparty/SEGGER/SEGGER/SEGGER_SYSVIEW.o
 .debug_rnglists